<html>
<body>
<pre>
<h1>µVision Build Log</h1>
<h2>Tool Versions:</h2>
IDE-Version: µVision V5.29.0.0
Copyright (C) 2019 ARM Ltd and ARM Germany GmbH. All rights reserved.
License Information: Nguyen Dung, D Tech, LIC=D0D7S-LD0MI-2ZWW4-FGD1G-T25WR-5RLX1
 
Tool Versions:
Toolchain:       MDK-ARM Plus  Version: 5.29.0.0
Toolchain Path:  F:\Keil C v5\ARM\ARMCC\Bin
C Compiler:      Armcc.exe V5.06 update 6 (build 750)
Assembler:       Armasm.exe V5.06 update 6 (build 750)
Linker/Locator:  ArmLink.exe V5.06 update 6 (build 750)
Library Manager: ArmAr.exe V5.06 update 6 (build 750)
Hex Converter:   FromElf.exe V5.06 update 6 (build 750)
CPU DLL:         SARMCM3.DLL V5.29.0.0
Dialog DLL:      DCM.DLL V1.17.3.0
Target DLL:      STLink\ST-LINKIII-KEIL_SWO.dll V3.0.7.0
Dialog DLL:      TCM.DLL V1.36.5.0
 
<h2>Project:</h2>
D:\IOT -Mechatronics\MQTT_Example\MQTT_example\MDK-ARM\MQTT_example.uvprojx
Project File Date:  05/24/2023

<h2>Output:</h2>
*** Using Compiler 'V5.06 update 6 (build 750)', folder: 'F:\Keil C v5\ARM\ARMCC\Bin'
Rebuild target 'MQTT_example'
assembling startup_stm32f205xx.s...
compiling stm32f2xx_it.c...
compiling stm32f2xx_hal_msp.c...
compiling main.c...
compiling stm32f2xx_hal.c...
compiling stm32f2xx_hal_adc.c...
compiling stm32f2xx_hal_adc_ex.c...
compiling stm32f2xx_hal_rcc_ex.c...
compiling stm32f2xx_hal_cortex.c...
compiling stm32f2xx_hal_rcc.c...
compiling stm32f2xx_hal_flash_ex.c...
compiling stm32f2xx_hal_flash.c...
compiling stm32f2xx_hal_pwr.c...
compiling stm32f2xx_hal_pwr_ex.c...
compiling stm32f2xx_hal_gpio.c...
compiling stm32f2xx_hal_dma.c...
compiling stm32f2xx_hal_dac.c...
compiling stm32f2xx_hal_exti.c...
compiling stm32f2xx_hal_dma_ex.c...
compiling stm32f2xx_hal_dac_ex.c...
compiling stm32f2xx_hal_tim_ex.c...
compiling system_stm32f2xx.c...
compiling stm32f2xx_hal_uart.c...
compiling stm32f2xx_hal_tim.c...
compiling cJSON_Utils.c...
compiling cJSON.c...
linking...
Program Size: Code=28466 RO-data=706 RW-data=160 ZI-data=3048  
FromELF: creating hex file...
"MQTT_example\MQTT_example.axf" - 0 Error(s), 0 Warning(s).

<h2>Software Packages used:</h2>

Package Vendor: ARM
                http://www.keil.com/pack/ARM.CMSIS.5.9.0.pack
                ARM.CMSIS.5.9.0
                CMSIS (Common Microcontroller Software Interface Standard)
   * Component: CORE Version: 5.6.0

Package Vendor: Keil
                http://www.keil.com/pack/Keil.STM32F2xx_DFP.2.10.0.pack
                Keil.STM32F2xx_DFP.2.10.0
                STMicroelectronics STM32F2 Series Device Support, Drivers and Examples

<h2>Collection of Component include folders:</h2>
  .\RTE\_MQTT_example
  C:\Users\DELL\AppData\Local\Arm\Packs\ARM\CMSIS\5.9.0\CMSIS\Core\Include
  C:\Users\DELL\AppData\Local\Arm\Packs\Keil\STM32F2xx_DFP\2.10.0\Drivers\CMSIS\Device\ST\STM32F2xx\Include

<h2>Collection of Component Files used:</h2>

   * Component: ARM::CMSIS:CORE:5.6.0
      Include file:  CMSIS\Core\Include\tz_context.h
Build Time Elapsed:  00:00:46
</pre>
</body>
</html>
