Component: ARM Compiler 5.06 update 6 (build 750) Tool: armlink [4d35ed]

==============================================================================

Section Cross References

    startup_stm32f205xx.o(RESET) refers to startup_stm32f205xx.o(STACK) for __initial_sp
    startup_stm32f205xx.o(RESET) refers to startup_stm32f205xx.o(.text) for Reset_Handler
    startup_stm32f205xx.o(RESET) refers to stm32f2xx_it.o(i.NMI_Handler) for NMI_Handler
    startup_stm32f205xx.o(RESET) refers to stm32f2xx_it.o(i.HardFault_Handler) for HardFault_Handler
    startup_stm32f205xx.o(RESET) refers to stm32f2xx_it.o(i.MemManage_Handler) for MemManage_Handler
    startup_stm32f205xx.o(RESET) refers to stm32f2xx_it.o(i.BusFault_Handler) for BusFault_Handler
    startup_stm32f205xx.o(RESET) refers to stm32f2xx_it.o(i.UsageFault_Handler) for UsageFault_Handler
    startup_stm32f205xx.o(RESET) refers to stm32f2xx_it.o(i.SVC_Handler) for SVC_Handler
    startup_stm32f205xx.o(RESET) refers to stm32f2xx_it.o(i.DebugMon_Handler) for DebugMon_Handler
    startup_stm32f205xx.o(RESET) refers to stm32f2xx_it.o(i.PendSV_Handler) for PendSV_Handler
    startup_stm32f205xx.o(RESET) refers to stm32f2xx_it.o(i.SysTick_Handler) for SysTick_Handler
    startup_stm32f205xx.o(RESET) refers to stm32f2xx_it.o(i.ADC_IRQHandler) for ADC_IRQHandler
    startup_stm32f205xx.o(RESET) refers to stm32f2xx_it.o(i.TIM3_IRQHandler) for TIM3_IRQHandler
    startup_stm32f205xx.o(RESET) refers to stm32f2xx_it.o(i.TIM4_IRQHandler) for TIM4_IRQHandler
    startup_stm32f205xx.o(RESET) refers to stm32f2xx_it.o(i.USART1_IRQHandler) for USART1_IRQHandler
    startup_stm32f205xx.o(RESET) refers to stm32f2xx_it.o(i.USART2_IRQHandler) for USART2_IRQHandler
    startup_stm32f205xx.o(RESET) refers to stm32f2xx_it.o(i.TIM5_IRQHandler) for TIM5_IRQHandler
    startup_stm32f205xx.o(RESET) refers to stm32f2xx_it.o(i.UART4_IRQHandler) for UART4_IRQHandler
    startup_stm32f205xx.o(RESET) refers to stm32f2xx_it.o(i.TIM6_DAC_IRQHandler) for TIM6_DAC_IRQHandler
    startup_stm32f205xx.o(.text) refers to system_stm32f2xx.o(i.SystemInit) for SystemInit
    startup_stm32f205xx.o(.text) refers to entry.o(.ARM.Collect$$$$00000000) for __main
    main.o(i.ADC_Select_CH10) refers to stm32f2xx_hal_adc.o(i.HAL_ADC_ConfigChannel) for HAL_ADC_ConfigChannel
    main.o(i.ADC_Select_CH10) refers to main.o(.bss) for .bss
    main.o(i.ADC_Select_CH13) refers to stm32f2xx_hal_adc.o(i.HAL_ADC_ConfigChannel) for HAL_ADC_ConfigChannel
    main.o(i.ADC_Select_CH13) refers to main.o(.bss) for .bss
    main.o(i.CaiDat) refers to strstr.o(.text) for strstr
    main.o(i.CaiDat) refers to strtok.o(.text) for strtok
    main.o(i.CaiDat) refers to atoi.o(.text) for atoi
    main.o(i.CaiDat) refers to printfa.o(i.__0printf) for __2printf
    main.o(i.CaiDat) refers to main.o(.data) for .data
    main.o(i.ConnectMQTT) refers to rand.o(.text) for rand
    main.o(i.ConnectMQTT) refers to printfa.o(i.__0sprintf) for __2sprintf
    main.o(i.ConnectMQTT) refers to strcat.o(.text) for strcat
    main.o(i.ConnectMQTT) refers to main.o(i.Send_AT_Commands_ConnectMQTT) for Send_AT_Commands_ConnectMQTT
    main.o(i.ConnectMQTT) refers to stm32f2xx_hal.o(i.HAL_Delay) for HAL_Delay
    main.o(i.ConnectMQTT) refers to main.o(i.clearbuffer_UART_ESP) for clearbuffer_UART_ESP
    main.o(i.ConnectMQTT) refers to main.o(.data) for .data
    main.o(i.HAL_UART_RxCpltCallback) refers to main.o(i.Received_AT_Commands_ESP_MessagerMQTT) for Received_AT_Commands_ESP_MessagerMQTT
    main.o(i.HAL_UART_RxCpltCallback) refers to stm32f2xx_hal_uart.o(i.HAL_UART_Receive_IT) for HAL_UART_Receive_IT
    main.o(i.HAL_UART_RxCpltCallback) refers to main.o(i.Received_AT_Commands_ESP) for Received_AT_Commands_ESP
    main.o(i.HAL_UART_RxCpltCallback) refers to main.o(.data) for .data
    main.o(i.HAL_UART_RxCpltCallback) refers to main.o(.bss) for .bss
    main.o(i.MX_ADC3_Init) refers to memseta.o(.text) for __aeabi_memclr4
    main.o(i.MX_ADC3_Init) refers to stm32f2xx_hal_adc.o(i.HAL_ADC_Init) for HAL_ADC_Init
    main.o(i.MX_ADC3_Init) refers to stm32f2xx_hal_adc.o(i.HAL_ADC_ConfigChannel) for HAL_ADC_ConfigChannel
    main.o(i.MX_ADC3_Init) refers to stm32f2xx_hal_adc_ex.o(i.HAL_ADCEx_InjectedConfigChannel) for HAL_ADCEx_InjectedConfigChannel
    main.o(i.MX_ADC3_Init) refers to main.o(.bss) for .bss
    main.o(i.MX_GPIO_Init) refers to memseta.o(.text) for __aeabi_memclr4
    main.o(i.MX_GPIO_Init) refers to stm32f2xx_hal_gpio.o(i.HAL_GPIO_WritePin) for HAL_GPIO_WritePin
    main.o(i.MX_GPIO_Init) refers to stm32f2xx_hal_gpio.o(i.HAL_GPIO_Init) for HAL_GPIO_Init
    main.o(i.MX_TIM3_Init) refers to memseta.o(.text) for __aeabi_memclr4
    main.o(i.MX_TIM3_Init) refers to stm32f2xx_hal_tim.o(i.HAL_TIM_Base_Init) for HAL_TIM_Base_Init
    main.o(i.MX_TIM3_Init) refers to stm32f2xx_hal_tim.o(i.HAL_TIM_ConfigClockSource) for HAL_TIM_ConfigClockSource
[...]
    i.HAL_DAC_ConfigChannel                  0x08001c0c   Section        0  stm32f2xx_hal_dac.o(i.HAL_DAC_ConfigChannel)
    i.HAL_DAC_DMAUnderrunCallbackCh1         0x08001ce4   Section        0  stm32f2xx_hal_dac.o(i.HAL_DAC_DMAUnderrunCallbackCh1)
    i.HAL_DAC_IRQHandler                     0x08001ce6   Section        0  stm32f2xx_hal_dac.o(i.HAL_DAC_IRQHandler)
    i.HAL_DAC_Init                           0x08001d50   Section        0  stm32f2xx_hal_dac.o(i.HAL_DAC_Init)
    i.HAL_DAC_MspInit                        0x08001dc8   Section        0  stm32f2xx_hal_msp.o(i.HAL_DAC_MspInit)
    i.HAL_DAC_Start                          0x08001e38   Section        0  stm32f2xx_hal_dac.o(i.HAL_DAC_Start)
    i.HAL_DMA_Abort                          0x08001edc   Section        0  stm32f2xx_hal_dma.o(i.HAL_DMA_Abort)
    i.HAL_DMA_Abort_IT                       0x08001f6e   Section        0  stm32f2xx_hal_dma.o(i.HAL_DMA_Abort_IT)
    i.HAL_Delay                              0x08001f94   Section        0  stm32f2xx_hal.o(i.HAL_Delay)
    i.HAL_GPIO_Init                          0x08001fb8   Section        0  stm32f2xx_hal_gpio.o(i.HAL_GPIO_Init)
    i.HAL_GPIO_WritePin                      0x080022ec   Section        0  stm32f2xx_hal_gpio.o(i.HAL_GPIO_WritePin)
    i.HAL_GetTick                            0x08002358   Section        0  stm32f2xx_hal.o(i.HAL_GetTick)
    i.HAL_IncTick                            0x08002364   Section        0  stm32f2xx_hal.o(i.HAL_IncTick)
    i.HAL_Init                               0x08002374   Section        0  stm32f2xx_hal.o(i.HAL_Init)
    i.HAL_InitTick                           0x080023a8   Section        0  stm32f2xx_hal.o(i.HAL_InitTick)
    i.HAL_MspInit                            0x080023e8   Section        0  stm32f2xx_hal_msp.o(i.HAL_MspInit)
    i.HAL_NVIC_EnableIRQ                     0x08002418   Section        0  stm32f2xx_hal_cortex.o(i.HAL_NVIC_EnableIRQ)
    i.HAL_NVIC_SetPriority                   0x0800247c   Section        0  stm32f2xx_hal_cortex.o(i.HAL_NVIC_SetPriority)
    i.HAL_NVIC_SetPriorityGrouping           0x0800251c   Section        0  stm32f2xx_hal_cortex.o(i.HAL_NVIC_SetPriorityGrouping)
    i.HAL_RCC_ClockConfig                    0x0800259c   Section        0  stm32f2xx_hal_rcc.o(i.HAL_RCC_ClockConfig)
    i.HAL_RCC_GetPCLK1Freq                   0x080027ec   Section        0  stm32f2xx_hal_rcc.o(i.HAL_RCC_GetPCLK1Freq)
    i.HAL_RCC_GetPCLK2Freq                   0x0800281c   Section        0  stm32f2xx_hal_rcc.o(i.HAL_RCC_GetPCLK2Freq)
    i.HAL_RCC_GetSysClockFreq                0x0800284c   Section        0  stm32f2xx_hal_rcc.o(i.HAL_RCC_GetSysClockFreq)
    i.HAL_RCC_OscConfig                      0x080028b0   Section        0  stm32f2xx_hal_rcc.o(i.HAL_RCC_OscConfig)
    i.HAL_SYSTICK_Config                     0x08002d10   Section        0  stm32f2xx_hal_cortex.o(i.HAL_SYSTICK_Config)
    i.HAL_TIMEx_BreakCallback                0x08002d38   Section        0  stm32f2xx_hal_tim_ex.o(i.HAL_TIMEx_BreakCallback)
    i.HAL_TIMEx_CommutCallback               0x08002d3a   Section        0  stm32f2xx_hal_tim_ex.o(i.HAL_TIMEx_CommutCallback)
    i.HAL_TIMEx_MasterConfigSynchronization  0x08002d3c   Section        0  stm32f2xx_hal_tim_ex.o(i.HAL_TIMEx_MasterConfigSynchronization)
    i.HAL_TIM_Base_Init                      0x08002e98   Section        0  stm32f2xx_hal_tim.o(i.HAL_TIM_Base_Init)
    i.HAL_TIM_Base_MspInit                   0x08003008   Section        0  stm32f2xx_hal_msp.o(i.HAL_TIM_Base_MspInit)
    i.HAL_TIM_Base_Start_IT                  0x0800306c   Section        0  stm32f2xx_hal_tim.o(i.HAL_TIM_Base_Start_IT)
    i.HAL_TIM_ConfigClockSource              0x0800319c   Section        0  stm32f2xx_hal_tim.o(i.HAL_TIM_ConfigClockSource)
    i.HAL_TIM_Encoder_Init                   0x0800359c   Section        0  stm32f2xx_hal_tim.o(i.HAL_TIM_Encoder_Init)
    i.HAL_TIM_Encoder_MspInit                0x080037cc   Section        0  stm32f2xx_hal_msp.o(i.HAL_TIM_Encoder_MspInit)
    i.HAL_TIM_Encoder_Start_IT               0x08003844   Section        0  stm32f2xx_hal_tim.o(i.HAL_TIM_Encoder_Start_IT)
    i.HAL_TIM_IC_CaptureCallback             0x08003988   Section        0  stm32f2xx_hal_tim.o(i.HAL_TIM_IC_CaptureCallback)
    i.HAL_TIM_IRQHandler                     0x0800398a   Section        0  stm32f2xx_hal_tim.o(i.HAL_TIM_IRQHandler)
    i.HAL_TIM_MspPostInit                    0x08003af0   Section        0  stm32f2xx_hal_msp.o(i.HAL_TIM_MspPostInit)
    i.HAL_TIM_OC_DelayElapsedCallback        0x08003b40   Section        0  stm32f2xx_hal_tim.o(i.HAL_TIM_OC_DelayElapsedCallback)
    i.HAL_TIM_PWM_ConfigChannel              0x08003b44   Section        0  stm32f2xx_hal_tim.o(i.HAL_TIM_PWM_ConfigChannel)
    i.HAL_TIM_PWM_Init                       0x08003db4   Section        0  stm32f2xx_hal_tim.o(i.HAL_TIM_PWM_Init)
    i.HAL_TIM_PWM_MspInit                    0x08003f24   Section        0  stm32f2xx_hal_tim.o(i.HAL_TIM_PWM_MspInit)
    i.HAL_TIM_PWM_PulseFinishedCallback      0x08003f26   Section        0  stm32f2xx_hal_tim.o(i.HAL_TIM_PWM_PulseFinishedCallback)
    i.HAL_TIM_PeriodElapsedCallback          0x08003f28   Section        0  stm32f2xx_hal_tim.o(i.HAL_TIM_PeriodElapsedCallback)
    i.HAL_TIM_TriggerCallback                0x08003f2a   Section        0  stm32f2xx_hal_tim.o(i.HAL_TIM_TriggerCallback)
    i.HAL_UARTEx_RxEventCallback             0x08003f2c   Section        0  stm32f2xx_hal_uart.o(i.HAL_UARTEx_RxEventCallback)
    i.HAL_UART_ErrorCallback                 0x08003f2e   Section        0  stm32f2xx_hal_uart.o(i.HAL_UART_ErrorCallback)
    i.HAL_UART_IRQHandler                    0x08003f30   Section        0  stm32f2xx_hal_uart.o(i.HAL_UART_IRQHandler)
    i.HAL_UART_Init                          0x08004140   Section        0  stm32f2xx_hal_uart.o(i.HAL_UART_Init)
    i.HAL_UART_MspInit                       0x0800428c   Section        0  stm32f2xx_hal_msp.o(i.HAL_UART_MspInit)
    i.HAL_UART_Receive_IT                    0x080043a4   Section        0  stm32f2xx_hal_uart.o(i.HAL_UART_Receive_IT)
    i.HAL_UART_RxCpltCallback                0x080043d0   Section        0  main.o(i.HAL_UART_RxCpltCallback)
    i.HAL_UART_Transmit                      0x08004414   Section        0  stm32f2xx_hal_uart.o(i.HAL_UART_Transmit)
    i.HAL_UART_TxCpltCallback                0x080044c6   Section        0  stm32f2xx_hal_uart.o(i.HAL_UART_TxCpltCallback)
    i.HardFault_Handler                      0x080044c8   Section        0  stm32f2xx_it.o(i.HardFault_Handler)
    i.MX_ADC3_Init                           0x080044cc   Section        0  main.o(i.MX_ADC3_Init)
    MX_ADC3_Init                             0x080044cd   Thumb Code   156  main.o(i.MX_ADC3_Init)
    i.MX_GPIO_Init                           0x08004578   Section        0  main.o(i.MX_GPIO_Init)
    MX_GPIO_Init                             0x08004579   Thumb Code   314  main.o(i.MX_GPIO_Init)
    i.MX_TIM3_Init                           0x080046cc   Section        0  main.o(i.MX_TIM3_Init)
    MX_TIM3_Init                             0x080046cd   Thumb Code   142  main.o(i.MX_TIM3_Init)
    i.MX_TIM4_Init                           0x08004764   Section        0  main.o(i.MX_TIM4_Init)
    MX_TIM4_Init                             0x08004765   Thumb Code    98  main.o(i.MX_TIM4_Init)
    i.MX_TIM5_Init                           0x080047d0   Section        0  main.o(i.MX_TIM5_Init)
    MX_TIM5_Init                             0x080047d1   Thumb Code    94  main.o(i.MX_TIM5_Init)
    i.MemManage_Handler                      0x08004838   Section        0  stm32f2xx_it.o(i.MemManage_Handler)
    i.NMI_Handler                            0x0800483a   Section        0  stm32f2xx_it.o(i.NMI_Handler)
    i.ParseJson                              0x0800483c   Section        0  main.o(i.ParseJson)
    i.PendSV_Handler                         0x08004964   Section        0  stm32f2xx_it.o(i.PendSV_Handler)
    i.Received_AT_Commands_ESP               0x08004968   Section        0  main.o(i.Received_AT_Commands_ESP)
    i.Received_AT_Commands_ESP_MessagerMQTT  0x08004980   Section        0  main.o(i.Received_AT_Commands_ESP_MessagerMQTT)
    i.SVC_Handler                            0x08004a7c   Section        0  stm32f2xx_it.o(i.SVC_Handler)
    i.SendData                               0x08004a80   Section        0  main.o(i.SendData)
    i.SendMQTT                               0x08004d08   Section        0  main.o(i.SendMQTT)
    i.Send_AT_Commands_ConnectMQTT           0x08004d48   Section        0  main.o(i.Send_AT_Commands_ConnectMQTT)
    i.Send_AT_Commands_SendMessager          0x08004ea0   Section        0  main.o(i.Send_AT_Commands_SendMessager)
    i.Send_AT_Commands_Setting               0x08004ff8   Section        0  main.o(i.Send_AT_Commands_Setting)
    i.SettingESP                             0x08005108   Section        0  main.o(i.SettingESP)
    i.SysTick_Handler                        0x08005204   Section        0  stm32f2xx_it.o(i.SysTick_Handler)
    i.SystemClock_Config                     0x08005208   Section        0  main.o(i.SystemClock_Config)
    i.SystemInit                             0x08005270   Section        0  system_stm32f2xx.o(i.SystemInit)
    i.TIM3_IRQHandler                        0x08005274   Section        0  stm32f2xx_it.o(i.TIM3_IRQHandler)
    i.TIM4_IRQHandler                        0x08005280   Section        0  stm32f2xx_it.o(i.TIM4_IRQHandler)
    i.TIM5_IRQHandler                        0x0800528c   Section        0  stm32f2xx_it.o(i.TIM5_IRQHandler)
    i.TIM6_DAC_IRQHandler                    0x08005298   Section        0  stm32f2xx_it.o(i.TIM6_DAC_IRQHandler)
    i.TIM_Base_SetConfig                     0x080052a4   Section        0  stm32f2xx_hal_tim.o(i.TIM_Base_SetConfig)
    i.TIM_CCxChannelCmd                      0x0800536c   Section        0  stm32f2xx_hal_tim.o(i.TIM_CCxChannelCmd)
    i.TIM_ETR_SetConfig                      0x08005460   Section        0  stm32f2xx_hal_tim.o(i.TIM_ETR_SetConfig)
    i.TIM_ITRx_SetConfig                     0x08005474   Section        0  stm32f2xx_hal_tim.o(i.TIM_ITRx_SetConfig)
    TIM_ITRx_SetConfig                       0x08005475   Thumb Code    16  stm32f2xx_hal_tim.o(i.TIM_ITRx_SetConfig)
    i.TIM_OC1_SetConfig                      0x08005484   Section        0  stm32f2xx_hal_tim.o(i.TIM_OC1_SetConfig)
    TIM_OC1_SetConfig                        0x08005485   Thumb Code   162  stm32f2xx_hal_tim.o(i.TIM_OC1_SetConfig)
    i.TIM_OC2_SetConfig                      0x08005568   Section        0  stm32f2xx_hal_tim.o(i.TIM_OC2_SetConfig)
    i.TIM_OC3_SetConfig                      0x08005654   Section        0  stm32f2xx_hal_tim.o(i.TIM_OC3_SetConfig)
    TIM_OC3_SetConfig                        0x08005655   Thumb Code   170  stm32f2xx_hal_tim.o(i.TIM_OC3_SetConfig)
    i.TIM_OC4_SetConfig                      0x08005740   Section        0  stm32f2xx_hal_tim.o(i.TIM_OC4_SetConfig)
    TIM_OC4_SetConfig                        0x08005741   Thumb Code   100  stm32f2xx_hal_tim.o(i.TIM_OC4_SetConfig)
    i.TIM_TI1_ConfigInputStage               0x080057e4   Section        0  stm32f2xx_hal_tim.o(i.TIM_TI1_ConfigInputStage)
    TIM_TI1_ConfigInputStage                 0x080057e5   Thumb Code    34  stm32f2xx_hal_tim.o(i.TIM_TI1_ConfigInputStage)
    i.TIM_TI2_ConfigInputStage               0x08005806   Section        0  stm32f2xx_hal_tim.o(i.TIM_TI2_ConfigInputStage)
    TIM_TI2_ConfigInputStage                 0x08005807   Thumb Code    36  stm32f2xx_hal_tim.o(i.TIM_TI2_ConfigInputStage)
    i.UART4_IRQHandler                       0x0800582c   Section        0  stm32f2xx_it.o(i.UART4_IRQHandler)
    i.UART_DMAAbortOnError                   0x08005838   Section        0  stm32f2xx_hal_uart.o(i.UART_DMAAbortOnError)
    UART_DMAAbortOnError                     0x08005839   Thumb Code    16  stm32f2xx_hal_uart.o(i.UART_DMAAbortOnError)
    i.UART_EndRxTransfer                     0x08005848   Section        0  stm32f2xx_hal_uart.o(i.UART_EndRxTransfer)
    UART_EndRxTransfer                       0x08005849   Thumb Code    48  stm32f2xx_hal_uart.o(i.UART_EndRxTransfer)
    i.UART_Receive_IT                        0x08005878   Section        0  stm32f2xx_hal_uart.o(i.UART_Receive_IT)
    UART_Receive_IT                          0x08005879   Thumb Code   182  stm32f2xx_hal_uart.o(i.UART_Receive_IT)
    i.UART_SetConfig                         0x08005930   Section        0  stm32f2xx_hal_uart.o(i.UART_SetConfig)
    UART_SetConfig                           0x08005931   Thumb Code   370  stm32f2xx_hal_uart.o(i.UART_SetConfig)
    i.UART_Start_Receive_IT                  0x08005aec   Section        0  stm32f2xx_hal_uart.o(i.UART_Start_Receive_IT)
    i.UART_WaitOnFlagUntilTimeout            0x08005b22   Section        0  stm32f2xx_hal_uart.o(i.UART_WaitOnFlagUntilTimeout)
    UART_WaitOnFlagUntilTimeout              0x08005b23   Thumb Code   100  stm32f2xx_hal_uart.o(i.UART_WaitOnFlagUntilTimeout)
    i.USART1_IRQHandler                      0x08005b88   Section        0  stm32f2xx_it.o(i.USART1_IRQHandler)
    i.USART2_IRQHandler                      0x08005b94   Section        0  stm32f2xx_it.o(i.USART2_IRQHandler)
    i.UsageFault_Handler                     0x08005ba0   Section        0  stm32f2xx_it.o(i.UsageFault_Handler)
    i.__0printf                              0x08005ba4   Section        0  printfa.o(i.__0printf)
    i.__0snprintf                            0x08005bc4   Section        0  printfa.o(i.__0snprintf)
    i.__0sprintf                             0x08005bf4   Section        0  printfa.o(i.__0sprintf)
    i.__NVIC_SetPriority                     0x08005c1c   Section        0  stm32f2xx_hal_cortex.o(i.__NVIC_SetPriority)
    __NVIC_SetPriority                       0x08005c1d   Thumb Code    32  stm32f2xx_hal_cortex.o(i.__NVIC_SetPriority)
    i.__aeabi_errno_addr                     0x08005c3c   Section        0  errno.o(i.__aeabi_errno_addr)
    i.__free$realloc                         0x08005c44   Section        0  mallocr.o(i.__free$realloc)
    i.__malloc$realloc                       0x08005ca0   Section        0  mallocr.o(i.__malloc$realloc)
    i.__scatterload_copy                     0x08005cf0   Section       14  handlers.o(i.__scatterload_copy)
    i.__scatterload_null                     0x08005cfe   Section        2  handlers.o(i.__scatterload_null)
    i.__scatterload_zeroinit                 0x08005d00   Section       14  handlers.o(i.__scatterload_zeroinit)
    i._fp_digits                             0x08005d10   Section        0  printfa.o(i._fp_digits)
    _fp_digits                               0x08005d11   Thumb Code   366  printfa.o(i._fp_digits)
    i._is_digit                              0x08005e94   Section        0  scanf_fp.o(i._is_digit)
    i._printf_core                           0x08005ea4   Section        0  printfa.o(i._printf_core)
    _printf_core                             0x08005ea5   Thumb Code  1744  printfa.o(i._printf_core)
    i._printf_post_padding                   0x08006580   Section        0  printfa.o(i._printf_post_padding)
    _printf_post_padding                     0x08006581   Thumb Code    36  printfa.o(i._printf_post_padding)
    i._printf_pre_padding                    0x080065a4   Section        0  printfa.o(i._printf_pre_padding)
    _printf_pre_padding                      0x080065a5   Thumb Code    46  printfa.o(i._printf_pre_padding)
    i._snputc                                0x080065d2   Section        0  printfa.o(i._snputc)
    _snputc                                  0x080065d3   Thumb Code    22  printfa.o(i._snputc)
    i._sputc                                 0x080065e8   Section        0  printfa.o(i._sputc)
    _sputc                                   0x080065e9   Thumb Code    10  printfa.o(i._sputc)
    i.adc_1                                  0x080065f4   Section        0  main.o(i.adc_1)
    i.assert_failed                          0x08006614   Section        0  main.o(i.assert_failed)
    i.buffer_skip_whitespace                 0x08006616   Section        0  cjson.o(i.buffer_skip_whitespace)
    buffer_skip_whitespace                   0x08006617   Thumb Code    48  cjson.o(i.buffer_skip_whitespace)
    i.cJSON_Delete                           0x08006648   Section        0  cjson.o(i.cJSON_Delete)
    i.cJSON_GetObjectItem                    0x08006690   Section        0  cjson.o(i.cJSON_GetObjectItem)
    i.cJSON_New_Item                         0x08006696   Section        0  cjson.o(i.cJSON_New_Item)
    cJSON_New_Item                           0x08006697   Thumb Code    22  cjson.o(i.cJSON_New_Item)
    i.cJSON_Parse                            0x080066ac   Section        0  cjson.o(i.cJSON_Parse)
    i.cJSON_ParseWithLengthOpts              0x080066b4   Section        0  cjson.o(i.cJSON_ParseWithLengthOpts)
    i.cJSON_ParseWithOpts                    0x08006790   Section        0  cjson.o(i.cJSON_ParseWithOpts)
    i.clearResponse                          0x080067b4   Section        0  main.o(i.clearResponse)
    i.clearbuffer_UART_ESP                   0x080067d4   Section        0  main.o(i.clearbuffer_UART_ESP)
    i.fputc                                  0x080067f4   Section        0  main.o(i.fputc)
    i.get_object_item                        0x0800680c   Section        0  cjson.o(i.get_object_item)
    get_object_item                          0x0800680d   Thumb Code   122  cjson.o(i.get_object_item)
    i.internal_alloc                         0x08006888   Section        0  mallocr.o(i.internal_alloc)
    internal_alloc                           0x08006889   Thumb Code    76  mallocr.o(i.internal_alloc)
    i.main                                   0x080068d8   Section        0  main.o(i.main)
    i.parse_array                            0x08006a48   Section        0  cjson.o(i.parse_array)
    parse_array                              0x08006a49   Thumb Code   208  cjson.o(i.parse_array)
    i.parse_hex4                             0x08006b18   Section        0  cjson.o(i.parse_hex4)
    parse_hex4                               0x08006b19   Thumb Code    64  cjson.o(i.parse_hex4)
    i.parse_number                           0x08006b58   Section        0  cjson.o(i.parse_number)
    parse_number                             0x08006b59   Thumb Code   228  cjson.o(i.parse_number)
    i.parse_object                           0x08006c48   Section        0  cjson.o(i.parse_object)
    parse_object                             0x08006c49   Thumb Code   266  cjson.o(i.parse_object)
    i.parse_string                           0x08006d52   Section        0  cjson.o(i.parse_string)
    parse_string                             0x08006d53   Thumb Code   268  cjson.o(i.parse_string)
    i.parse_value                            0x08006e60   Section        0  cjson.o(i.parse_value)
    parse_value                              0x08006e61   Thumb Code   226  cjson.o(i.parse_value)
    i.realloc                                0x08006f5c   Section        0  mallocr.o(i.realloc)
    i.strtod                                 0x08006fc8   Section        0  strtod.o(i.strtod)
    i.utf16_literal_to_utf8                  0x08006fe4   Section        0  cjson.o(i.utf16_literal_to_utf8)
    utf16_literal_to_utf8                    0x08006fe5   Thumb Code   210  cjson.o(i.utf16_literal_to_utf8)
    .constdata                               0x080070b6   Section       16  system_stm32f2xx.o(.constdata)
    .constdata                               0x080070c6   Section        8  system_stm32f2xx.o(.constdata)
    .constdata                               0x080070ce   Section      129  ctype_o.o(.constdata)
    .constdata                               0x08007150   Section        4  ctype_o.o(.constdata)
    table                                    0x08007150   Data           4  ctype_o.o(.constdata)
    .conststring                             0x08007154   Section      126  main.o(.conststring)
    .data                                    0x20000000   Section      100  main.o(.data)
    .data                                    0x20000064   Section       12  stm32f2xx_hal.o(.data)
    .data                                    0x20000070   Section        4  system_stm32f2xx.o(.data)
    .data                                    0x20000074   Section       20  cjson.o(.data)
    global_error                             0x20000074   Data           8  cjson.o(.data)
    global_hooks                             0x2000007c   Data          12  cjson.o(.data)
    .data                                    0x20000088   Section        4  rand.o(.data)
    _rand_state                              0x20000088   Data           4  rand.o(.data)
    .data                                    0x2000008c   Section        4  strtok.o(.data)
    state                                    0x2000008c   Data           4  strtok.o(.data)
    .data                                    0x20000090   Section        4  stdout.o(.data)
    .data                                    0x20000094   Section        4  mvars.o(.data)
    .data                                    0x20000098   Section        4  mvars.o(.data)
    .data                                    0x2000009c   Section        4  errno.o(.data)
    _errno                                   0x2000009c   Data           4  errno.o(.data)
    .bss                                     0x200000a0   Section     1512  main.o(.bss)
    HEAP                                     0x20000688   Section      512  startup_stm32f205xx.o(HEAP)
    STACK                                    0x20000888   Section     1024  startup_stm32f205xx.o(STACK)

    Global Symbols

    Symbol Name                              Value     Ov Type        Size  Object(Section)

    BuildAttributes$$THM_ISAv4$P$D$K$B$S$PE$A:L22UL41UL21$X:L11$S22US41US21$IEEE1$IW$USESV6$~STKCKD$USESV7$~SHL$OTIME$ROPI$IEEEJ$EBA8$MICROLIB$REQ8$PRES8$EABIv2 0x00000000   Number         0  anon$$obj.o ABSOLUTE
    __ARM_use_no_argv                        0x00000000   Number         0  main.o ABSOLUTE
    _printf_a                                0x00000000   Number         0  stubs.o ABSOLUTE
    _printf_c                                0x00000000   Number         0  stubs.o ABSOLUTE
    _printf_charcount                        0x00000000   Number         0  stubs.o ABSOLUTE
    _printf_d                                0x00000000   Number         0  stubs.o ABSOLUTE
    _printf_e                                0x00000000   Number         0  stubs.o ABSOLUTE
    _printf_f                                0x00000000   Number         0  stubs.o ABSOLUTE
    _printf_flags                            0x00000000   Number         0  stubs.o ABSOLUTE
    _printf_fp_dec                           0x00000000   Number         0  stubs.o ABSOLUTE
    _printf_fp_hex                           0x00000000   Number         0  stubs.o ABSOLUTE
    _printf_g                                0x00000000   Number         0  stubs.o ABSOLUTE
    _printf_i                                0x00000000   Number         0  stubs.o ABSOLUTE
    _printf_int_dec                          0x00000000   Number         0  stubs.o ABSOLUTE
    _printf_l                                0x00000000   Number         0  stubs.o ABSOLUTE
    _printf_lc                               0x00000000   Number         0  stubs.o ABSOLUTE
    _printf_ll                               0x00000000   Number         0  stubs.o ABSOLUTE
    _printf_lld                              0x00000000   Number         0  stubs.o ABSOLUTE
    _printf_lli                              0x00000000   Number         0  stubs.o ABSOLUTE
    _printf_llo                              0x00000000   Number         0  stubs.o ABSOLUTE
    _printf_llu                              0x00000000   Number         0  stubs.o ABSOLUTE
    _printf_llx                              0x00000000   Number         0  stubs.o ABSOLUTE
    _printf_longlong_dec                     0x00000000   Number         0  stubs.o ABSOLUTE
    _printf_longlong_hex                     0x00000000   Number         0  stubs.o ABSOLUTE
    _printf_longlong_oct                     0x00000000   Number         0  stubs.o ABSOLUTE
    _printf_ls                               0x00000000   Number         0  stubs.o ABSOLUTE
    _printf_mbtowc                           0x00000000   Number         0  stubs.o ABSOLUTE
    _printf_n                                0x00000000   Number         0  stubs.o ABSOLUTE
    _printf_o                                0x00000000   Number         0  stubs.o ABSOLUTE
    _printf_p                                0x00000000   Number         0  stubs.o ABSOLUTE
    _printf_percent                          0x00000000   Number         0  stubs.o ABSOLUTE
    _printf_pre_padding                      0x00000000   Number         0  stubs.o ABSOLUTE
    _printf_return_value                     0x00000000   Number         0  stubs.o ABSOLUTE
    _printf_s                                0x00000000   Number         0  stubs.o ABSOLUTE
    _printf_sizespec                         0x00000000   Number         0  stubs.o ABSOLUTE
    _printf_str                              0x00000000   Number         0  stubs.o ABSOLUTE
    _printf_truncate_signed                  0x00000000   Number         0  stubs.o ABSOLUTE
    _printf_truncate_unsigned                0x00000000   Number         0  stubs.o ABSOLUTE
    _printf_u                                0x00000000   Number         0  stubs.o ABSOLUTE
    _printf_wc                               0x00000000   Number         0  stubs.o ABSOLUTE
    _printf_wctomb                           0x00000000   Number         0  stubs.o ABSOLUTE
    _printf_widthprec                        0x00000000   Number         0  stubs.o ABSOLUTE
    _printf_x                                0x00000000   Number         0  stubs.o ABSOLUTE
    __cpp_initialize__aeabi_                  - Undefined Weak Reference
    __cxa_finalize                            - Undefined Weak Reference
    __decompress                              - Undefined Weak Reference
    _clock_init                               - Undefined Weak Reference
    _microlib_exit                            - Undefined Weak Reference
    _scanf_int                                - Undefined Weak Reference
    _scanf_longlong                           - Undefined Weak Reference
    _scanf_string                             - Undefined Weak Reference
    __Vectors_Size                           0x00000184   Number         0  startup_stm32f205xx.o ABSOLUTE
    __Vectors                                0x08000000   Data           4  startup_stm32f205xx.o(RESET)
    __Vectors_End                            0x08000184   Data           0  startup_stm32f205xx.o(RESET)
    __main                                   0x08000185   Thumb Code     0  entry.o(.ARM.Collect$$$$00000000)
    _main_stk                                0x08000185   Thumb Code     0  entry2.o(.ARM.Collect$$$$00000001)
    _main_scatterload                        0x08000189   Thumb Code     0  entry5.o(.ARM.Collect$$$$00000004)
    __main_after_scatterload                 0x0800018d   Thumb Code     0  entry5.o(.ARM.Collect$$$$00000004)
    _main_clock                              0x0800018d   Thumb Code     0  entry7b.o(.ARM.Collect$$$$00000008)
    _main_cpp_init                           0x0800018d   Thumb Code     0  entry8b.o(.ARM.Collect$$$$0000000A)
    _main_init                               0x0800018d   Thumb Code     0  entry9a.o(.ARM.Collect$$$$0000000B)
    __rt_final_cpp                           0x08000195   Thumb Code     0  entry10a.o(.ARM.Collect$$$$0000000D)
    __rt_final_exit                          0x08000195   Thumb Code     0  entry11a.o(.ARM.Collect$$$$0000000F)
    Reset_Handler                            0x08000199   Thumb Code     8  startup_stm32f205xx.o(.text)
    CAN1_RX0_IRQHandler                      0x080001b3   Thumb Code     0  startup_stm32f205xx.o(.text)
    CAN1_RX1_IRQHandler                      0x080001b3   Thumb Code     0  startup_stm32f205xx.o(.text)
    CAN1_SCE_IRQHandler                      0x080001b3   Thumb Code     0  startup_stm32f205xx.o(.text)
    CAN1_TX_IRQHandler                       0x080001b3   Thumb Code     0  startup_stm32f205xx.o(.text)
    CAN2_RX0_IRQHandler                      0x080001b3   Thumb Code     0  startup_stm32f205xx.o(.text)
    CAN2_RX1_IRQHandler                      0x080001b3   Thumb Code     0  startup_stm32f205xx.o(.text)
    CAN2_SCE_IRQHandler                      0x080001b3   Thumb Code     0  startup_stm32f205xx.o(.text)
    CAN2_TX_IRQHandler                       0x080001b3   Thumb Code     0  startup_stm32f205xx.o(.text)
    DMA1_Stream0_IRQHandler                  0x080001b3   Thumb Code     0  startup_stm32f205xx.o(.text)
    DMA1_Stream1_IRQHandler                  0x080001b3   Thumb Code     0  startup_stm32f205xx.o(.text)
    DMA1_Stream2_IRQHandler                  0x080001b3   Thumb Code     0  startup_stm32f205xx.o(.text)
    DMA1_Stream3_IRQHandler                  0x080001b3   Thumb Code     0  startup_stm32f205xx.o(.text)
    DMA1_Stream4_IRQHandler                  0x080001b3   Thumb Code     0  startup_stm32f205xx.o(.text)
    DMA1_Stream5_IRQHandler                  0x080001b3   Thumb Code     0  startup_stm32f205xx.o(.text)
    DMA1_Stream6_IRQHandler                  0x080001b3   Thumb Code     0  startup_stm32f205xx.o(.text)
    DMA1_Stream7_IRQHandler                  0x080001b3   Thumb Code     0  startup_stm32f205xx.o(.text)
    DMA2_Stream0_IRQHandler                  0x080001b3   Thumb Code     0  startup_stm32f205xx.o(.text)
    DMA2_Stream1_IRQHandler                  0x080001b3   Thumb Code     0  startup_stm32f205xx.o(.text)
    DMA2_Stream2_IRQHandler                  0x080001b3   Thumb Code     0  startup_stm32f205xx.o(.text)
    DMA2_Stream3_IRQHandler                  0x080001b3   Thumb Code     0  startup_stm32f205xx.o(.text)
    DMA2_Stream4_IRQHandler                  0x080001b3   Thumb Code     0  startup_stm32f205xx.o(.text)
    DMA2_Stream5_IRQHandler                  0x080001b3   Thumb Code     0  startup_stm32f205xx.o(.text)
    DMA2_Stream6_IRQHandler                  0x080001b3   Thumb Code     0  startup_stm32f205xx.o(.text)
    DMA2_Stream7_IRQHandler                  0x080001b3   Thumb Code     0  startup_stm32f205xx.o(.text)
    EXTI0_IRQHandler                         0x080001b3   Thumb Code     0  startup_stm32f205xx.o(.text)
    EXTI15_10_IRQHandler                     0x080001b3   Thumb Code     0  startup_stm32f205xx.o(.text)
    EXTI1_IRQHandler                         0x080001b3   Thumb Code     0  startup_stm32f205xx.o(.text)
    EXTI2_IRQHandler                         0x080001b3   Thumb Code     0  startup_stm32f205xx.o(.text)
    EXTI3_IRQHandler                         0x080001b3   Thumb Code     0  startup_stm32f205xx.o(.text)
    EXTI4_IRQHandler                         0x080001b3   Thumb Code     0  startup_stm32f205xx.o(.text)
    EXTI9_5_IRQHandler                       0x080001b3   Thumb Code     0  startup_stm32f205xx.o(.text)
    FLASH_IRQHandler                         0x080001b3   Thumb Code     0  startup_stm32f205xx.o(.text)
    FSMC_IRQHandler                          0x080001b3   Thumb Code     0  startup_stm32f205xx.o(.text)
    HASH_RNG_IRQHandler                      0x080001b3   Thumb Code     0  startup_stm32f205xx.o(.text)
    I2C1_ER_IRQHandler                       0x080001b3   Thumb Code     0  startup_stm32f205xx.o(.text)
    I2C1_EV_IRQHandler                       0x080001b3   Thumb Code     0  startup_stm32f205xx.o(.text)
    I2C2_ER_IRQHandler                       0x080001b3   Thumb Code     0  startup_stm32f205xx.o(.text)
    I2C2_EV_IRQHandler                       0x080001b3   Thumb Code     0  startup_stm32f205xx.o(.text)
    I2C3_ER_IRQHandler                       0x080001b3   Thumb Code     0  startup_stm32f205xx.o(.text)
    I2C3_EV_IRQHandler                       0x080001b3   Thumb Code     0  startup_stm32f205xx.o(.text)
    OTG_FS_IRQHandler                        0x080001b3   Thumb Code     0  startup_stm32f205xx.o(.text)
    OTG_FS_WKUP_IRQHandler                   0x080001b3   Thumb Code     0  startup_stm32f205xx.o(.text)
    OTG_HS_EP1_IN_IRQHandler                 0x080001b3   Thumb Code     0  startup_stm32f205xx.o(.text)
    OTG_HS_EP1_OUT_IRQHandler                0x080001b3   Thumb Code     0  startup_stm32f205xx.o(.text)
    OTG_HS_IRQHandler                        0x080001b3   Thumb Code     0  startup_stm32f205xx.o(.text)
    OTG_HS_WKUP_IRQHandler                   0x080001b3   Thumb Code     0  startup_stm32f205xx.o(.text)
    PVD_IRQHandler                           0x080001b3   Thumb Code     0  startup_stm32f205xx.o(.text)
    RCC_IRQHandler                           0x080001b3   Thumb Code     0  startup_stm32f205xx.o(.text)
    RTC_Alarm_IRQHandler                     0x080001b3   Thumb Code     0  startup_stm32f205xx.o(.text)
    RTC_WKUP_IRQHandler                      0x080001b3   Thumb Code     0  startup_stm32f205xx.o(.text)
    SDIO_IRQHandler                          0x080001b3   Thumb Code     0  startup_stm32f205xx.o(.text)
    SPI1_IRQHandler                          0x080001b3   Thumb Code     0  startup_stm32f205xx.o(.text)
    SPI2_IRQHandler                          0x080001b3   Thumb Code     0  startup_stm32f205xx.o(.text)
    SPI3_IRQHandler                          0x080001b3   Thumb Code     0  startup_stm32f205xx.o(.text)
    TAMP_STAMP_IRQHandler                    0x080001b3   Thumb Code     0  startup_stm32f205xx.o(.text)
    TIM1_BRK_TIM9_IRQHandler                 0x080001b3   Thumb Code     0  startup_stm32f205xx.o(.text)
    TIM1_CC_IRQHandler                       0x080001b3   Thumb Code     0  startup_stm32f205xx.o(.text)
    TIM1_TRG_COM_TIM11_IRQHandler            0x080001b3   Thumb Code     0  startup_stm32f205xx.o(.text)
    TIM1_UP_TIM10_IRQHandler                 0x080001b3   Thumb Code     0  startup_stm32f205xx.o(.text)
    TIM2_IRQHandler                          0x080001b3   Thumb Code     0  startup_stm32f205xx.o(.text)
    TIM7_IRQHandler                          0x080001b3   Thumb Code     0  startup_stm32f205xx.o(.text)
    TIM8_BRK_TIM12_IRQHandler                0x080001b3   Thumb Code     0  startup_stm32f205xx.o(.text)
    TIM8_CC_IRQHandler                       0x080001b3   Thumb Code     0  startup_stm32f205xx.o(.text)
    TIM8_TRG_COM_TIM14_IRQHandler            0x080001b3   Thumb Code     0  startup_stm32f205xx.o(.text)
    TIM8_UP_TIM13_IRQHandler                 0x080001b3   Thumb Code     0  startup_stm32f205xx.o(.text)
    UART5_IRQHandler                         0x080001b3   Thumb Code     0  startup_stm32f205xx.o(.text)
    USART3_IRQHandler                        0x080001b3   Thumb Code     0  startup_stm32f205xx.o(.text)
    USART6_IRQHandler                        0x080001b3   Thumb Code     0  startup_stm32f205xx.o(.text)
    WWDG_IRQHandler                          0x080001b3   Thumb Code     0  startup_stm32f205xx.o(.text)
    __aeabi_uldivmod                         0x080001bd   Thumb Code    98  uldiv.o(.text)
    tolower                                  0x0800021f   Thumb Code    12  tolower.o(.text)
    rand                                     0x0800022d   Thumb Code    20  rand.o(.text)
    srand                                    0x08000241   Thumb Code     6  rand.o(.text)
    __aeabi_memcpy                           0x08000251   Thumb Code    36  memcpya.o(.text)
    __aeabi_memcpy4                          0x08000251   Thumb Code     0  memcpya.o(.text)
    __aeabi_memcpy8                          0x08000251   Thumb Code     0  memcpya.o(.text)
    __aeabi_memset                           0x08000275   Thumb Code    14  memseta.o(.text)
    __aeabi_memset4                          0x08000275   Thumb Code     0  memseta.o(.text)
    __aeabi_memset8                          0x08000275   Thumb Code     0  memseta.o(.text)
    __aeabi_memclr                           0x08000283   Thumb Code     4  memseta.o(.text)
    __aeabi_memclr4                          0x08000283   Thumb Code     0  memseta.o(.text)
    __aeabi_memclr8                          0x08000283   Thumb Code     0  memseta.o(.text)
    _memset$wrapper                          0x08000287   Thumb Code    18  memseta.o(.text)
    strcat                                   0x08000299   Thumb Code    24  strcat.o(.text)
    strstr                                   0x080002b1   Thumb Code    36  strstr.o(.text)
    strlen                                   0x080002d5   Thumb Code    14  strlen.o(.text)
    strcmp                                   0x080002e3   Thumb Code    28  strcmp.o(.text)
    strncmp                                  0x080002ff   Thumb Code    30  strncmp.o(.text)
    strtok                                   0x0800031d   Thumb Code    62  strtok.o(.text)
    _scanf_real                              0x08000489   Thumb Code     0  scanf_fp.o(.text)
    _scanf_really_real                       0x08000489   Thumb Code   556  scanf_fp.o(.text)
    atoi                                     0x080006c1   Thumb Code    26  atoi.o(.text)
    __aeabi_dadd                             0x080006db   Thumb Code   322  dadd.o(.text)
    __aeabi_dsub                             0x0800081d   Thumb Code     6  dadd.o(.text)
    __aeabi_drsub                            0x08000823   Thumb Code     6  dadd.o(.text)
    __aeabi_d2iz                             0x08000829   Thumb Code    62  dfixi.o(.text)
    __aeabi_f2d                              0x08000867   Thumb Code    38  f2d.o(.text)
    __aeabi_cdcmpeq                          0x0800088d   Thumb Code     0  cdcmple.o(.text)
    __aeabi_cdcmple                          0x0800088d   Thumb Code    48  cdcmple.o(.text)
    __aeabi_cdrcmple                         0x080008bd   Thumb Code    48  cdrcmple.o(.text)
    __aeabi_uidiv                            0x080008ed   Thumb Code     0  uidiv.o(.text)
    __aeabi_uidivmod                         0x080008ed   Thumb Code    44  uidiv.o(.text)
    __aeabi_llsl                             0x08000919   Thumb Code    30  llshl.o(.text)
    _ll_shift_l                              0x08000919   Thumb Code     0  llshl.o(.text)
    __aeabi_llsr                             0x08000937   Thumb Code    32  llushr.o(.text)
    _ll_ushift_r                             0x08000937   Thumb Code     0  llushr.o(.text)
    __aeabi_lasr                             0x08000957   Thumb Code    36  llsshr.o(.text)
    _ll_sshift_r                             0x08000957   Thumb Code     0  llsshr.o(.text)
    _sgetc                                   0x0800097b   Thumb Code    30  _sgetc.o(.text)
    _sbackspace                              0x08000999   Thumb Code    34  _sgetc.o(.text)
    __strtod_int                             0x080009f3   Thumb Code    90  strtod.o(.text)
    strtol                                   0x08000a59   Thumb Code   112  strtol.o(.text)
    __I$use$fp                               0x08000ac9   Thumb Code     0  iusefp.o(.text)
    _double_round                            0x08000ac9   Thumb Code    30  depilogue.o(.text)
    _double_epilogue                         0x08000ae7   Thumb Code   156  depilogue.o(.text)
    __aeabi_dmul                             0x08000b83   Thumb Code   228  dmul.o(.text)
    __aeabi_ddiv                             0x08000c67   Thumb Code   222  ddiv.o(.text)
    __aeabi_ul2d                             0x08000d45   Thumb Code    24  dfltul.o(.text)
    __aeabi_d2ulz                            0x08000d5d   Thumb Code    48  dfixul.o(.text)
    __aeabi_d2f                              0x08000d8d   Thumb Code    56  d2f.o(.text)
    __scatterload                            0x08000dc5   Thumb Code    28  init.o(.text)
    __scatterload_rt2                        0x08000dc5   Thumb Code     0  init.o(.text)
    __rt_ctype_table                         0x08000de9   Thumb Code     4  ctype_o.o(.text)
    isspace                                  0x08000df1   Thumb Code    18  isspace_o.o(.text)
    _strtoul                                 0x08000e03   Thumb Code   158  _strtoul.o(.text)
    _float_round                             0x08000ea1   Thumb Code    18  fepilogue.o(.text)
    _float_epilogue                          0x08000eb3   Thumb Code    92  fepilogue.o(.text)
    _chval                                   0x08000f0f   Thumb Code    28  _chval.o(.text)
    ADC_IRQHandler                           0x08000f2d   Thumb Code     6  stm32f2xx_it.o(i.ADC_IRQHandler)
    BusFault_Handler                         0x080010c1   Thumb Code     2  stm32f2xx_it.o(i.BusFault_Handler)
    ConnectMQTT                              0x080010c5   Thumb Code   318  main.o(i.ConnectMQTT)
    DebugMon_Handler                         0x08001285   Thumb Code     2  stm32f2xx_it.o(i.DebugMon_Handler)
    HAL_ADCEx_InjectedConfigChannel          0x08001289   Thumb Code   786  stm32f2xx_hal_adc_ex.o(i.HAL_ADCEx_InjectedConfigChannel)
    HAL_ADCEx_InjectedConvCpltCallback       0x080015e5   Thumb Code     2  stm32f2xx_hal_adc_ex.o(i.HAL_ADCEx_InjectedConvCpltCallback)
    HAL_ADC_ConfigChannel                    0x080015e9   Thumb Code   402  stm32f2xx_hal_adc.o(i.HAL_ADC_ConfigChannel)
    HAL_ADC_ConvCpltCallback                 0x080017c1   Thumb Code     2  stm32f2xx_hal_adc.o(i.HAL_ADC_ConvCpltCallback)
    HAL_ADC_ErrorCallback                    0x080017c3   Thumb Code     2  stm32f2xx_hal_adc.o(i.HAL_ADC_ErrorCallback)
    HAL_ADC_IRQHandler                       0x080017c5   Thumb Code   374  stm32f2xx_hal_adc.o(i.HAL_ADC_IRQHandler)
    HAL_ADC_Init                             0x08001975   Thumb Code   470  stm32f2xx_hal_adc.o(i.HAL_ADC_Init)
    HAL_ADC_LevelOutOfWindowCallback         0x08001b95   Thumb Code     2  stm32f2xx_hal_adc.o(i.HAL_ADC_LevelOutOfWindowCallback)
    HAL_ADC_MspInit                          0x08001b99   Thumb Code   100  stm32f2xx_hal_msp.o(i.HAL_ADC_MspInit)
    HAL_DACEx_DMAUnderrunCallbackCh2         0x08001c09   Thumb Code     2  stm32f2xx_hal_dac_ex.o(i.HAL_DACEx_DMAUnderrunCallbackCh2)
    HAL_DAC_ConfigChannel                    0x08001c0d   Thumb Code   158  stm32f2xx_hal_dac.o(i.HAL_DAC_ConfigChannel)
    HAL_DAC_DMAUnderrunCallbackCh1           0x08001ce5   Thumb Code     2  stm32f2xx_hal_dac.o(i.HAL_DAC_DMAUnderrunCallbackCh1)
    HAL_DAC_IRQHandler                       0x08001ce7   Thumb Code   104  stm32f2xx_hal_dac.o(i.HAL_DAC_IRQHandler)
    HAL_DAC_Init                             0x08001d51   Thumb Code    58  stm32f2xx_hal_dac.o(i.HAL_DAC_Init)
    HAL_DAC_MspInit                          0x08001dc9   Thumb Code   100  stm32f2xx_hal_msp.o(i.HAL_DAC_MspInit)
    HAL_DAC_Start                            0x08001e39   Thumb Code   108  stm32f2xx_hal_dac.o(i.HAL_DAC_Start)
    HAL_DMA_Abort                            0x08001edd   Thumb Code   146  stm32f2xx_hal_dma.o(i.HAL_DMA_Abort)
    HAL_DMA_Abort_IT                         0x08001f6f   Thumb Code    36  stm32f2xx_hal_dma.o(i.HAL_DMA_Abort_IT)
    HAL_Delay                                0x08001f95   Thumb Code    32  stm32f2xx_hal.o(i.HAL_Delay)
    HAL_GPIO_Init                            0x08001fb9   Thumb Code   710  stm32f2xx_hal_gpio.o(i.HAL_GPIO_Init)
    HAL_GPIO_WritePin                        0x080022ed   Thumb Code    46  stm32f2xx_hal_gpio.o(i.HAL_GPIO_WritePin)
    HAL_GetTick                              0x08002359   Thumb Code     6  stm32f2xx_hal.o(i.HAL_GetTick)
    HAL_IncTick                              0x08002365   Thumb Code    12  stm32f2xx_hal.o(i.HAL_IncTick)
    HAL_Init                                 0x08002375   Thumb Code    48  stm32f2xx_hal.o(i.HAL_Init)
    HAL_InitTick                             0x080023a9   Thumb Code    54  stm32f2xx_hal.o(i.HAL_InitTick)
    HAL_MspInit                              0x080023e9   Thumb Code    42  stm32f2xx_hal_msp.o(i.HAL_MspInit)
    HAL_NVIC_EnableIRQ                       0x08002419   Thumb Code    40  stm32f2xx_hal_cortex.o(i.HAL_NVIC_EnableIRQ)
    HAL_NVIC_SetPriority                     0x0800247d   Thumb Code    94  stm32f2xx_hal_cortex.o(i.HAL_NVIC_SetPriority)
    HAL_NVIC_SetPriorityGrouping             0x0800251d   Thumb Code    58  stm32f2xx_hal_cortex.o(i.HAL_NVIC_SetPriorityGrouping)
    HAL_RCC_ClockConfig                      0x0800259d   Thumb Code   516  stm32f2xx_hal_rcc.o(i.HAL_RCC_ClockConfig)
    HAL_RCC_GetPCLK1Freq                     0x080027ed   Thumb Code    34  stm32f2xx_hal_rcc.o(i.HAL_RCC_GetPCLK1Freq)
    HAL_RCC_GetPCLK2Freq                     0x0800281d   Thumb Code    34  stm32f2xx_hal_rcc.o(i.HAL_RCC_GetPCLK2Freq)
    HAL_RCC_GetSysClockFreq                  0x0800284d   Thumb Code    88  stm32f2xx_hal_rcc.o(i.HAL_RCC_GetSysClockFreq)
    HAL_RCC_OscConfig                        0x080028b1   Thumb Code  1120  stm32f2xx_hal_rcc.o(i.HAL_RCC_OscConfig)
    HAL_SYSTICK_Config                       0x08002d11   Thumb Code    40  stm32f2xx_hal_cortex.o(i.HAL_SYSTICK_Config)
    HAL_TIMEx_BreakCallback                  0x08002d39   Thumb Code     2  stm32f2xx_hal_tim_ex.o(i.HAL_TIMEx_BreakCallback)
    HAL_TIMEx_CommutCallback                 0x08002d3b   Thumb Code     2  stm32f2xx_hal_tim_ex.o(i.HAL_TIMEx_CommutCallback)
    HAL_TIMEx_MasterConfigSynchronization    0x08002d3d   Thumb Code   254  stm32f2xx_hal_tim_ex.o(i.HAL_TIMEx_MasterConfigSynchronization)
    HAL_TIM_Base_Init                        0x08002e99   Thumb Code   260  stm32f2xx_hal_tim.o(i.HAL_TIM_Base_Init)
    HAL_TIM_Base_MspInit                     0x08003009   Thumb Code    86  stm32f2xx_hal_msp.o(i.HAL_TIM_Base_MspInit)
    HAL_TIM_Base_Start_IT                    0x0800306d   Thumb Code   200  stm32f2xx_hal_tim.o(i.HAL_TIM_Base_Start_IT)
    HAL_TIM_ConfigClockSource                0x0800319d   Thumb Code   914  stm32f2xx_hal_tim.o(i.HAL_TIM_ConfigClockSource)
    HAL_TIM_Encoder_Init                     0x0800359d   Thumb Code   482  stm32f2xx_hal_tim.o(i.HAL_TIM_Encoder_Init)
    HAL_TIM_Encoder_MspInit                  0x080037cd   Thumb Code   108  stm32f2xx_hal_msp.o(i.HAL_TIM_Encoder_MspInit)
    HAL_TIM_Encoder_Start_IT                 0x08003845   Thumb Code   248  stm32f2xx_hal_tim.o(i.HAL_TIM_Encoder_Start_IT)
    HAL_TIM_IC_CaptureCallback               0x08003989   Thumb Code     2  stm32f2xx_hal_tim.o(i.HAL_TIM_IC_CaptureCallback)
    HAL_TIM_IRQHandler                       0x0800398b   Thumb Code   358  stm32f2xx_hal_tim.o(i.HAL_TIM_IRQHandler)
    HAL_TIM_MspPostInit                      0x08003af1   Thumb Code    68  stm32f2xx_hal_msp.o(i.HAL_TIM_MspPostInit)
    HAL_TIM_OC_DelayElapsedCallback          0x08003b41   Thumb Code     2  stm32f2xx_hal_tim.o(i.HAL_TIM_OC_DelayElapsedCallback)
    HAL_TIM_PWM_ConfigChannel                0x08003b45   Thumb Code   522  stm32f2xx_hal_tim.o(i.HAL_TIM_PWM_ConfigChannel)
    HAL_TIM_PWM_Init                         0x08003db5   Thumb Code   260  stm32f2xx_hal_tim.o(i.HAL_TIM_PWM_Init)
    HAL_TIM_PWM_MspInit                      0x08003f25   Thumb Code     2  stm32f2xx_hal_tim.o(i.HAL_TIM_PWM_MspInit)
    HAL_TIM_PWM_PulseFinishedCallback        0x08003f27   Thumb Code     2  stm32f2xx_hal_tim.o(i.HAL_TIM_PWM_PulseFinishedCallback)
    HAL_TIM_PeriodElapsedCallback            0x08003f29   Thumb Code     2  stm32f2xx_hal_tim.o(i.HAL_TIM_PeriodElapsedCallback)
    HAL_TIM_TriggerCallback                  0x08003f2b   Thumb Code     2  stm32f2xx_hal_tim.o(i.HAL_TIM_TriggerCallback)
    HAL_UARTEx_RxEventCallback               0x08003f2d   Thumb Code     2  stm32f2xx_hal_uart.o(i.HAL_UARTEx_RxEventCallback)
    HAL_UART_ErrorCallback                   0x08003f2f   Thumb Code     2  stm32f2xx_hal_uart.o(i.HAL_UART_ErrorCallback)
    HAL_UART_IRQHandler                      0x08003f31   Thumb Code   522  stm32f2xx_hal_uart.o(i.HAL_UART_IRQHandler)
    HAL_UART_Init                            0x08004141   Thumb Code   246  stm32f2xx_hal_uart.o(i.HAL_UART_Init)
    HAL_UART_MspInit                         0x0800428d   Thumb Code   260  stm32f2xx_hal_msp.o(i.HAL_UART_MspInit)
    HAL_UART_Receive_IT                      0x080043a5   Thumb Code    42  stm32f2xx_hal_uart.o(i.HAL_UART_Receive_IT)
    HAL_UART_RxCpltCallback                  0x080043d1   Thumb Code    54  main.o(i.HAL_UART_RxCpltCallback)
    HAL_UART_Transmit                        0x08004415   Thumb Code   178  stm32f2xx_hal_uart.o(i.HAL_UART_Transmit)
    HAL_UART_TxCpltCallback                  0x080044c7   Thumb Code     2  stm32f2xx_hal_uart.o(i.HAL_UART_TxCpltCallback)
    HardFault_Handler                        0x080044c9   Thumb Code     2  stm32f2xx_it.o(i.HardFault_Handler)
    MemManage_Handler                        0x08004839   Thumb Code     2  stm32f2xx_it.o(i.MemManage_Handler)
    NMI_Handler                              0x0800483b   Thumb Code     2  stm32f2xx_it.o(i.NMI_Handler)
    ParseJson                                0x0800483d   Thumb Code   250  main.o(i.ParseJson)
    PendSV_Handler                           0x08004965   Thumb Code     2  stm32f2xx_it.o(i.PendSV_Handler)
    Received_AT_Commands_ESP                 0x08004969   Thumb Code    16  main.o(i.Received_AT_Commands_ESP)
    Received_AT_Commands_ESP_MessagerMQTT    0x08004981   Thumb Code   144  main.o(i.Received_AT_Commands_ESP_MessagerMQTT)
    SVC_Handler                              0x08004a7d   Thumb Code     2  stm32f2xx_it.o(i.SVC_Handler)
    SendData                                 0x08004a81   Thumb Code   480  main.o(i.SendData)
    SendMQTT                                 0x08004d09   Thumb Code    58  main.o(i.SendMQTT)
    Send_AT_Commands_ConnectMQTT             0x08004d49   Thumb Code   224  main.o(i.Send_AT_Commands_ConnectMQTT)
    Send_AT_Commands_SendMessager            0x08004ea1   Thumb Code   228  main.o(i.Send_AT_Commands_SendMessager)
    Send_AT_Commands_Setting                 0x08004ff9   Thumb Code   160  main.o(i.Send_AT_Commands_Setting)
    SettingESP                               0x08005109   Thumb Code   132  main.o(i.SettingESP)
    SysTick_Handler                          0x08005205   Thumb Code     4  stm32f2xx_it.o(i.SysTick_Handler)
    SystemClock_Config                       0x08005209   Thumb Code   104  main.o(i.SystemClock_Config)
    SystemInit                               0x08005271   Thumb Code     2  system_stm32f2xx.o(i.SystemInit)
    TIM3_IRQHandler                          0x08005275   Thumb Code     6  stm32f2xx_it.o(i.TIM3_IRQHandler)
    TIM4_IRQHandler                          0x08005281   Thumb Code     6  stm32f2xx_it.o(i.TIM4_IRQHandler)
    TIM5_IRQHandler                          0x0800528d   Thumb Code     6  stm32f2xx_it.o(i.TIM5_IRQHandler)
    TIM6_DAC_IRQHandler                      0x08005299   Thumb Code     6  stm32f2xx_it.o(i.TIM6_DAC_IRQHandler)
    TIM_Base_SetConfig                       0x080052a5   Thumb Code   156  stm32f2xx_hal_tim.o(i.TIM_Base_SetConfig)
    TIM_CCxChannelCmd                        0x0800536d   Thumb Code   142  stm32f2xx_hal_tim.o(i.TIM_CCxChannelCmd)
    TIM_ETR_SetConfig                        0x08005461   Thumb Code    20  stm32f2xx_hal_tim.o(i.TIM_ETR_SetConfig)
    TIM_OC2_SetConfig                        0x08005569   Thumb Code   170  stm32f2xx_hal_tim.o(i.TIM_OC2_SetConfig)
    UART4_IRQHandler                         0x0800582d   Thumb Code     6  stm32f2xx_it.o(i.UART4_IRQHandler)
    UART_Start_Receive_IT                    0x08005aed   Thumb Code    54  stm32f2xx_hal_uart.o(i.UART_Start_Receive_IT)
    USART1_IRQHandler                        0x08005b89   Thumb Code     6  stm32f2xx_it.o(i.USART1_IRQHandler)
    USART2_IRQHandler                        0x08005b95   Thumb Code     6  stm32f2xx_it.o(i.USART2_IRQHandler)
    UsageFault_Handler                       0x08005ba1   Thumb Code     2  stm32f2xx_it.o(i.UsageFault_Handler)
    __0printf                                0x08005ba5   Thumb Code    22  printfa.o(i.__0printf)
    __1printf                                0x08005ba5   Thumb Code     0  printfa.o(i.__0printf)
    __2printf                                0x08005ba5   Thumb Code     0  printfa.o(i.__0printf)
    __c89printf                              0x08005ba5   Thumb Code     0  printfa.o(i.__0printf)
    printf                                   0x08005ba5   Thumb Code     0  printfa.o(i.__0printf)
    __0snprintf                              0x08005bc5   Thumb Code    44  printfa.o(i.__0snprintf)
    __1snprintf                              0x08005bc5   Thumb Code     0  printfa.o(i.__0snprintf)
    __2snprintf                              0x08005bc5   Thumb Code     0  printfa.o(i.__0snprintf)
    __c89snprintf                            0x08005bc5   Thumb Code     0  printfa.o(i.__0snprintf)
    snprintf                                 0x08005bc5   Thumb Code     0  printfa.o(i.__0snprintf)
    __0sprintf                               0x08005bf5   Thumb Code    34  printfa.o(i.__0sprintf)
    __1sprintf                               0x08005bf5   Thumb Code     0  printfa.o(i.__0sprintf)
    __2sprintf                               0x08005bf5   Thumb Code     0  printfa.o(i.__0sprintf)
    __c89sprintf                             0x08005bf5   Thumb Code     0  printfa.o(i.__0sprintf)
    sprintf                                  0x08005bf5   Thumb Code     0  printfa.o(i.__0sprintf)
    __aeabi_errno_addr                       0x08005c3d   Thumb Code     4  errno.o(i.__aeabi_errno_addr)
    __rt_errno_addr                          0x08005c3d   Thumb Code     0  errno.o(i.__aeabi_errno_addr)
    free                                     0x08005c45   Thumb Code    88  mallocr.o(i.__free$realloc)
    malloc                                   0x08005ca1   Thumb Code    64  mallocr.o(i.__malloc$realloc)
    __scatterload_copy                       0x08005cf1   Thumb Code    14  handlers.o(i.__scatterload_copy)
    __scatterload_null                       0x08005cff   Thumb Code     2  handlers.o(i.__scatterload_null)
    __scatterload_zeroinit                   0x08005d01   Thumb Code    14  handlers.o(i.__scatterload_zeroinit)
    _is_digit                                0x08005e95   Thumb Code    14  scanf_fp.o(i._is_digit)
    adc_1                                    0x080065f5   Thumb Code    20  main.o(i.adc_1)
    assert_failed                            0x08006615   Thumb Code     2  main.o(i.assert_failed)
    cJSON_Delete                             0x08006649   Thumb Code    66  cjson.o(i.cJSON_Delete)
    cJSON_GetObjectItem                      0x08006691   Thumb Code     6  cjson.o(i.cJSON_GetObjectItem)
    cJSON_Parse                              0x080066ad   Thumb Code     8  cjson.o(i.cJSON_Parse)
    cJSON_ParseWithLengthOpts                0x080066b5   Thumb Code   210  cjson.o(i.cJSON_ParseWithLengthOpts)
    cJSON_ParseWithOpts                      0x08006791   Thumb Code    34  cjson.o(i.cJSON_ParseWithOpts)
    clearResponse                            0x080067b5   Thumb Code    24  main.o(i.clearResponse)
    clearbuffer_UART_ESP                     0x080067d5   Thumb Code    24  main.o(i.clearbuffer_UART_ESP)
    fputc                                    0x080067f5   Thumb Code    20  main.o(i.fputc)
    main                                     0x080068d9   Thumb Code   310  main.o(i.main)
    realloc                                  0x08006f5d   Thumb Code   102  mallocr.o(i.realloc)
    strtod                                   0x08006fc9   Thumb Code    28  strtod.o(i.strtod)
    AHBPrescTable                            0x080070b6   Data          16  system_stm32f2xx.o(.constdata)
    APBPrescTable                            0x080070c6   Data           8  system_stm32f2xx.o(.constdata)
    __ctype_table                            0x080070ce   Data         129  ctype_o.o(.constdata)
    Region$$Table$$Base                      0x080071d4   Number         0  anon$$obj.o(Region$$Table)
    Region$$Table$$Limit                     0x080071f4   Number         0  anon$$obj.o(Region$$Table)
    ErrorCode                                0x20000000   Data           1  main.o(.data)
    CheckConnect                             0x20000001   Data           1  main.o(.data)
    rx_index1                                0x20000002   Data           1  main.o(.data)
    rx_data1                                 0x20000003   Data           1  main.o(.data)
    rx_data2                                 0x20000004   Data           1  main.o(.data)
    ConfigAT                                 0x20000008   Data           4  main.o(.data)
    last                                     0x2000000c   Data           4  main.o(.data)
    ND                                       0x20000010   Data           4  main.o(.data)
    DA                                       0x20000014   Data           4  main.o(.data)
    docadc                                   0x20000018   Data           4  main.o(.data)
    TTTB1                                    0x2000001c   Data           4  main.o(.data)
    TTTB2                                    0x20000020   Data           4  main.o(.data)
    C1                                       0x20000024   Data           4  main.o(.data)
    C2                                       0x20000028   Data           4  main.o(.data)
    chedo                                    0x2000002c   Data           4  main.o(.data)
    mqtt_server                              0x20000030   Data           4  main.o(.data)
    mqtt_port                                0x20000034   Data           4  main.o(.data)
    mqtt_user                                0x20000038   Data           4  main.o(.data)
    mqtt_pass                                0x2000003c   Data           4  main.o(.data)
    mqtt_sub                                 0x20000040   Data           4  main.o(.data)
    mqtt_pub                                 0x20000044   Data           4  main.o(.data)
    str_json                                 0x20000048   Data           4  main.o(.data)
    str_TB1                                  0x2000004c   Data           4  main.o(.data)
    str_TB2                                  0x20000050   Data           4  main.o(.data)
    str_C1                                   0x20000054   Data           4  main.o(.data)
    str_C2                                   0x20000058   Data           4  main.o(.data)
    str_Mode                                 0x2000005c   Data           4  main.o(.data)
    rx_indexResponse                         0x20000060   Data           4  main.o(.data)
    uwTickFreq                               0x20000064   Data           1  stm32f2xx_hal.o(.data)
    uwTickPrio                               0x20000068   Data           4  stm32f2xx_hal.o(.data)
    uwTick                                   0x2000006c   Data           4  stm32f2xx_hal.o(.data)
    SystemCoreClock                          0x20000070   Data           4  system_stm32f2xx.o(.data)
    __stdout                                 0x20000090   Data           4  stdout.o(.data)
    __microlib_freelist                      0x20000094   Data           4  mvars.o(.data)
    __microlib_freelist_initialised          0x20000098   Data           4  mvars.o(.data)
    hadc3                                    0x200000a0   Data          72  main.o(.bss)
    hdac                                     0x200000e8   Data          20  main.o(.bss)
    htim3                                    0x200000fc   Data          72  main.o(.bss)
    htim4                                    0x20000144   Data          72  main.o(.bss)
    htim5                                    0x2000018c   Data          72  main.o(.bss)
    huart4                                   0x200001d4   Data          68  main.o(.bss)
    huart1                                   0x20000218   Data          68  main.o(.bss)
    huart2                                   0x2000025c   Data          68  main.o(.bss)
    rx_buffer1                               0x200002a0   Data         500  main.o(.bss)
    ResponseRX                               0x20000494   Data         500  main.o(.bss)
    __heap_base                              0x20000688   Data           0  startup_stm32f205xx.o(HEAP)
    __heap_limit                             0x20000888   Data           0  startup_stm32f205xx.o(HEAP)
    __initial_sp                             0x20000c88   Data           0  startup_stm32f205xx.o(STACK)



==============================================================================

Memory Map of the image

  Image Entry point : 0x08000185

  Load Region LR_IROM1 (Base: 0x08000000, Size: 0x00007294, Max: 0x00040000, ABSOLUTE)

    Execution Region ER_IROM1 (Exec base: 0x08000000, Load base: 0x08000000, Size: 0x000071f4, Max: 0x00040000, ABSOLUTE)

    Exec Addr    Load Addr    Size         Type   Attr      Idx    E Section Name        Object

    0x08000000   0x08000000   0x00000184   Data   RO            3    RESET               startup_stm32f205xx.o
    0x08000184   0x08000184   0x00000000   Code   RO         4376  * .ARM.Collect$$$$00000000  mc_w.l(entry.o)
    0x08000184   0x08000184   0x00000004   Code   RO         4723    .ARM.Collect$$$$00000001  mc_w.l(entry2.o)
    0x08000188   0x08000188   0x00000004   Code   RO         4726    .ARM.Collect$$$$00000004  mc_w.l(entry5.o)
    0x0800018c   0x0800018c   0x00000000   Code   RO         4728    .ARM.Collect$$$$00000008  mc_w.l(entry7b.o)
    0x0800018c   0x0800018c   0x00000000   Code   RO         4730    .ARM.Collect$$$$0000000A  mc_w.l(entry8b.o)
    0x0800018c   0x0800018c   0x00000008   Code   RO         4731    .ARM.Collect$$$$0000000B  mc_w.l(entry9a.o)
    0x08000194   0x08000194   0x00000000   Code   RO         4733    .ARM.Collect$$$$0000000D  mc_w.l(entry10a.o)
    0x08000194   0x08000194   0x00000000   Code   RO         4735    .ARM.Collect$$$$0000000F  mc_w.l(entry11a.o)
    0x08000194   0x08000194   0x00000004   Code   RO         4724    .ARM.Collect$$$$00002712  mc_w.l(entry2.o)
    0x08000198   0x08000198   0x00000024   Code   RO            4    .text               startup_stm32f205xx.o
    0x080001bc   0x080001bc   0x00000062   Code   RO         4379    .text               mc_w.l(uldiv.o)
    0x0800021e   0x0800021e   0x0000000c   Code   RO         4381    .text               mc_w.l(tolower.o)
    0x0800022a   0x0800022a   0x00000002   PAD
    0x0800022c   0x0800022c   0x00000024   Code   RO         4383    .text               mc_w.l(rand.o)
    0x08000250   0x08000250   0x00000024   Code   RO         4386    .text               mc_w.l(memcpya.o)
    0x08000274   0x08000274   0x00000024   Code   RO         4388    .text               mc_w.l(memseta.o)
    0x08000298   0x08000298   0x00000018   Code   RO         4390    .text               mc_w.l(strcat.o)
    0x080002b0   0x080002b0   0x00000024   Code   RO         4392    .text               mc_w.l(strstr.o)
    0x080002d4   0x080002d4   0x0000000e   Code   RO         4394    .text               mc_w.l(strlen.o)
    0x080002e2   0x080002e2   0x0000001c   Code   RO         4396    .text               mc_w.l(strcmp.o)
    0x080002fe   0x080002fe   0x0000001e   Code   RO         4400    .text               mc_w.l(strncmp.o)
    0x0800031c   0x0800031c   0x00000044   Code   RO         4402    .text               mc_w.l(strtok.o)
    0x08000360   0x08000360   0x00000360   Code   RO         4703    .text               mc_w.l(scanf_fp.o)
    0x080006c0   0x080006c0   0x0000001a   Code   RO         4707    .text               mc_w.l(atoi.o)
    0x080006da   0x080006da   0x0000014e   Code   RO         4709    .text               mf_w.l(dadd.o)
    0x08000828   0x08000828   0x0000003e   Code   RO         4715    .text               mf_w.l(dfixi.o)
    0x08000866   0x08000866   0x00000026   Code   RO         4717    .text               mf_w.l(f2d.o)
    0x0800088c   0x0800088c   0x00000030   Code   RO         4719    .text               mf_w.l(cdcmple.o)
    0x080008bc   0x080008bc   0x00000030   Code   RO         4721    .text               mf_w.l(cdrcmple.o)
    0x080008ec   0x080008ec   0x0000002c   Code   RO         4738    .text               mc_w.l(uidiv.o)
    0x08000918   0x08000918   0x0000001e   Code   RO         4740    .text               mc_w.l(llshl.o)
    0x08000936   0x08000936   0x00000020   Code   RO         4742    .text               mc_w.l(llushr.o)
    0x08000956   0x08000956   0x00000024   Code   RO         4744    .text               mc_w.l(llsshr.o)
    0x0800097a   0x0800097a   0x00000040   Code   RO         4757    .text               mc_w.l(_sgetc.o)
    0x080009ba   0x080009ba   0x00000002   PAD
    0x080009bc   0x080009bc   0x0000009c   Code   RO         4759    .text               mc_w.l(strtod.o)
    0x08000a58   0x08000a58   0x00000070   Code   RO         4761    .text               mc_w.l(strtol.o)
    0x08000ac8   0x08000ac8   0x00000000   Code   RO         4763    .text               mc_w.l(iusefp.o)
    0x08000ac8   0x08000ac8   0x000000ba   Code   RO         4764    .text               mf_w.l(depilogue.o)
    0x08000b82   0x08000b82   0x000000e4   Code   RO         4766    .text               mf_w.l(dmul.o)
    0x08000c66   0x08000c66   0x000000de   Code   RO         4768    .text               mf_w.l(ddiv.o)
    0x08000d44   0x08000d44   0x00000018   Code   RO         4770    .text               mf_w.l(dfltul.o)
    0x08000d5c   0x08000d5c   0x00000030   Code   RO         4772    .text               mf_w.l(dfixul.o)
    0x08000d8c   0x08000d8c   0x00000038   Code   RO         4774    .text               mf_w.l(d2f.o)
    0x08000dc4   0x08000dc4   0x00000024   Code   RO         4776    .text               mc_w.l(init.o)
    0x08000de8   0x08000de8   0x00000008   Code   RO         4780    .text               mc_w.l(ctype_o.o)
    0x08000df0   0x08000df0   0x00000012   Code   RO         4802    .text               mc_w.l(isspace_o.o)
    0x08000e02   0x08000e02   0x0000009e   Code   RO         4810    .text               mc_w.l(_strtoul.o)
    0x08000ea0   0x08000ea0   0x0000006e   Code   RO         4812    .text               mf_w.l(fepilogue.o)
    0x08000f0e   0x08000f0e   0x0000001c   Code   RO         4817    .text               mc_w.l(_chval.o)
    0x08000f2a   0x08000f2a   0x00000002   PAD
    0x08000f2c   0x08000f2c   0x0000000c   Code   RO          352    i.ADC_IRQHandler    stm32f2xx_it.o
    0x08000f38   0x08000f38   0x00000188   Code   RO          569    i.ADC_Init          stm32f2xx_hal_adc.o
    0x080010c0   0x080010c0   0x00000002   Code   RO          353    i.BusFault_Handler  stm32f2xx_it.o
    0x080010c2   0x080010c2   0x00000002   PAD
    0x080010c4   0x080010c4   0x000001c0   Code   RO           16    i.ConnectMQTT       main.o
    0x08001284   0x08001284   0x00000002   Code   RO          354    i.DebugMon_Handler  stm32f2xx_it.o
    0x08001286   0x08001286   0x00000002   PAD
    0x08001288   0x08001288   0x0000035c   Code   RO          739    i.HAL_ADCEx_InjectedConfigChannel  stm32f2xx_hal_adc_ex.o
    0x080015e4   0x080015e4   0x00000002   Code   RO          740    i.HAL_ADCEx_InjectedConvCpltCallback  stm32f2xx_hal_adc_ex.o
    0x080015e6   0x080015e6   0x00000002   PAD
    0x080015e8   0x080015e8   0x000001d8   Code   RO          571    i.HAL_ADC_ConfigChannel  stm32f2xx_hal_adc.o
    0x080017c0   0x080017c0   0x00000002   Code   RO          572    i.HAL_ADC_ConvCpltCallback  stm32f2xx_hal_adc.o
    0x080017c2   0x080017c2   0x00000002   Code   RO          575    i.HAL_ADC_ErrorCallback  stm32f2xx_hal_adc.o
    0x080017c4   0x080017c4   0x000001b0   Code   RO          579    i.HAL_ADC_IRQHandler  stm32f2xx_hal_adc.o
    0x08001974   0x08001974   0x00000220   Code   RO          580    i.HAL_ADC_Init      stm32f2xx_hal_adc.o
    0x08001b94   0x08001b94   0x00000002   Code   RO          581    i.HAL_ADC_LevelOutOfWindowCallback  stm32f2xx_hal_adc.o
    0x08001b96   0x08001b96   0x00000002   PAD
    0x08001b98   0x08001b98   0x00000070   Code   RO          477    i.HAL_ADC_MspInit   stm32f2xx_hal_msp.o
    0x08001c08   0x08001c08   0x00000002   Code   RO         2095    i.HAL_DACEx_DMAUnderrunCallbackCh2  stm32f2xx_hal_dac_ex.o
    0x08001c0a   0x08001c0a   0x00000002   PAD
    0x08001c0c   0x08001c0c   0x000000d8   Code   RO         1949    i.HAL_DAC_ConfigChannel  stm32f2xx_hal_dac.o
    0x08001ce4   0x08001ce4   0x00000002   Code   RO         1952    i.HAL_DAC_DMAUnderrunCallbackCh1  stm32f2xx_hal_dac.o
    0x08001ce6   0x08001ce6   0x00000068   Code   RO         1958    i.HAL_DAC_IRQHandler  stm32f2xx_hal_dac.o
    0x08001d4e   0x08001d4e   0x00000002   PAD
    0x08001d50   0x08001d50   0x00000078   Code   RO         1959    i.HAL_DAC_Init      stm32f2xx_hal_dac.o
    0x08001dc8   0x08001dc8   0x00000070   Code   RO          479    i.HAL_DAC_MspInit   stm32f2xx_hal_msp.o
    0x08001e38   0x08001e38   0x000000a4   Code   RO         1963    i.HAL_DAC_Start     stm32f2xx_hal_dac.o
    0x08001edc   0x08001edc   0x00000092   Code   RO         1730    i.HAL_DMA_Abort     stm32f2xx_hal_dma.o
    0x08001f6e   0x08001f6e   0x00000024   Code   RO         1731    i.HAL_DMA_Abort_IT  stm32f2xx_hal_dma.o
    0x08001f92   0x08001f92   0x00000002   PAD
    0x08001f94   0x08001f94   0x00000024   Code   RO          848    i.HAL_Delay         stm32f2xx_hal.o
    0x08001fb8   0x08001fb8   0x00000334   Code   RO         1664    i.HAL_GPIO_Init     stm32f2xx_hal_gpio.o
    0x080022ec   0x080022ec   0x0000006c   Code   RO         1668    i.HAL_GPIO_WritePin  stm32f2xx_hal_gpio.o
    0x08002358   0x08002358   0x0000000c   Code   RO          854    i.HAL_GetTick       stm32f2xx_hal.o
    0x08002364   0x08002364   0x00000010   Code   RO          860    i.HAL_IncTick       stm32f2xx_hal.o
    0x08002374   0x08002374   0x00000034   Code   RO          861    i.HAL_Init          stm32f2xx_hal.o
    0x080023a8   0x080023a8   0x00000040   Code   RO          862    i.HAL_InitTick      stm32f2xx_hal.o
    0x080023e8   0x080023e8   0x00000030   Code   RO          480    i.HAL_MspInit       stm32f2xx_hal_msp.o
    0x08002418   0x08002418   0x00000064   Code   RO         1176    i.HAL_NVIC_EnableIRQ  stm32f2xx_hal_cortex.o
    0x0800247c   0x0800247c   0x000000a0   Code   RO         1182    i.HAL_NVIC_SetPriority  stm32f2xx_hal_cortex.o
    0x0800251c   0x0800251c   0x00000080   Code   RO         1183    i.HAL_NVIC_SetPriorityGrouping  stm32f2xx_hal_cortex.o
    0x0800259c   0x0800259c   0x00000250   Code   RO         1028    i.HAL_RCC_ClockConfig  stm32f2xx_hal_rcc.o
    0x080027ec   0x080027ec   0x00000030   Code   RO         1035    i.HAL_RCC_GetPCLK1Freq  stm32f2xx_hal_rcc.o
    0x0800281c   0x0800281c   0x00000030   Code   RO         1036    i.HAL_RCC_GetPCLK2Freq  stm32f2xx_hal_rcc.o
    0x0800284c   0x0800284c   0x00000064   Code   RO         1037    i.HAL_RCC_GetSysClockFreq  stm32f2xx_hal_rcc.o
    0x080028b0   0x080028b0   0x00000460   Code   RO         1040    i.HAL_RCC_OscConfig  stm32f2xx_hal_rcc.o
    0x08002d10   0x08002d10   0x00000028   Code   RO         1187    i.HAL_SYSTICK_Config  stm32f2xx_hal_cortex.o
    0x08002d38   0x08002d38   0x00000002   Code   RO         2893    i.HAL_TIMEx_BreakCallback  stm32f2xx_hal_tim_ex.o
    0x08002d3a   0x08002d3a   0x00000002   Code   RO         2894    i.HAL_TIMEx_CommutCallback  stm32f2xx_hal_tim_ex.o
    0x08002d3c   0x08002d3c   0x0000015c   Code   RO         2912    i.HAL_TIMEx_MasterConfigSynchronization  stm32f2xx_hal_tim_ex.o
    0x08002e98   0x08002e98   0x00000170   Code   RO         2188    i.HAL_TIM_Base_Init  stm32f2xx_hal_tim.o
    0x08003008   0x08003008   0x00000064   Code   RO          482    i.HAL_TIM_Base_MspInit  stm32f2xx_hal_msp.o
    0x0800306c   0x0800306c   0x00000130   Code   RO         2193    i.HAL_TIM_Base_Start_IT  stm32f2xx_hal_tim.o
    0x0800319c   0x0800319c   0x00000400   Code   RO         2197    i.HAL_TIM_ConfigClockSource  stm32f2xx_hal_tim.o
    0x0800359c   0x0800359c   0x00000230   Code   RO         2209    i.HAL_TIM_Encoder_Init  stm32f2xx_hal_tim.o
    0x080037cc   0x080037cc   0x00000078   Code   RO          484    i.HAL_TIM_Encoder_MspInit  stm32f2xx_hal_msp.o
    0x08003844   0x08003844   0x00000144   Code   RO         2214    i.HAL_TIM_Encoder_Start_IT  stm32f2xx_hal_tim.o
    0x08003988   0x08003988   0x00000002   Code   RO         2222    i.HAL_TIM_IC_CaptureCallback  stm32f2xx_hal_tim.o
    0x0800398a   0x0800398a   0x00000166   Code   RO         2236    i.HAL_TIM_IRQHandler  stm32f2xx_hal_tim.o
    0x08003af0   0x08003af0   0x00000050   Code   RO          485    i.HAL_TIM_MspPostInit  stm32f2xx_hal_msp.o
    0x08003b40   0x08003b40   0x00000002   Code   RO         2239    i.HAL_TIM_OC_DelayElapsedCallback  stm32f2xx_hal_tim.o
    0x08003b42   0x08003b42   0x00000002   PAD
    0x08003b44   0x08003b44   0x00000270   Code   RO         2260    i.HAL_TIM_PWM_ConfigChannel  stm32f2xx_hal_tim.o
    0x08003db4   0x08003db4   0x00000170   Code   RO         2263    i.HAL_TIM_PWM_Init  stm32f2xx_hal_tim.o
    0x08003f24   0x08003f24   0x00000002   Code   RO         2265    i.HAL_TIM_PWM_MspInit  stm32f2xx_hal_tim.o
    0x08003f26   0x08003f26   0x00000002   Code   RO         2266    i.HAL_TIM_PWM_PulseFinishedCallback  stm32f2xx_hal_tim.o
    0x08003f28   0x08003f28   0x00000002   Code   RO         2274    i.HAL_TIM_PeriodElapsedCallback  stm32f2xx_hal_tim.o
    0x08003f2a   0x08003f2a   0x00000002   Code   RO         2279    i.HAL_TIM_TriggerCallback  stm32f2xx_hal_tim.o
    0x08003f2c   0x08003f2c   0x00000002   Code   RO         3171    i.HAL_UARTEx_RxEventCallback  stm32f2xx_hal_uart.o
    0x08003f2e   0x08003f2e   0x00000002   Code   RO         3185    i.HAL_UART_ErrorCallback  stm32f2xx_hal_uart.o
    0x08003f30   0x08003f30   0x00000210   Code   RO         3188    i.HAL_UART_IRQHandler  stm32f2xx_hal_uart.o
    0x08004140   0x08004140   0x0000014c   Code   RO         3189    i.HAL_UART_Init     stm32f2xx_hal_uart.o
    0x0800428c   0x0800428c   0x00000118   Code   RO          487    i.HAL_UART_MspInit  stm32f2xx_hal_msp.o
    0x080043a4   0x080043a4   0x0000002a   Code   RO         3194    i.HAL_UART_Receive_IT  stm32f2xx_hal_uart.o
    0x080043ce   0x080043ce   0x00000002   PAD
    0x080043d0   0x080043d0   0x00000044   Code   RO           18    i.HAL_UART_RxCpltCallback  main.o
    0x08004414   0x08004414   0x000000b2   Code   RO         3197    i.HAL_UART_Transmit  stm32f2xx_hal_uart.o
    0x080044c6   0x080044c6   0x00000002   Code   RO         3200    i.HAL_UART_TxCpltCallback  stm32f2xx_hal_uart.o
    0x080044c8   0x080044c8   0x00000002   Code   RO          355    i.HardFault_Handler  stm32f2xx_it.o
    0x080044ca   0x080044ca   0x00000002   PAD
    0x080044cc   0x080044cc   0x000000ac   Code   RO           19    i.MX_ADC3_Init      main.o
    0x08004578   0x08004578   0x00000154   Code   RO           20    i.MX_GPIO_Init      main.o
    0x080046cc   0x080046cc   0x00000098   Code   RO           21    i.MX_TIM3_Init      main.o
    0x08004764   0x08004764   0x0000006c   Code   RO           22    i.MX_TIM4_Init      main.o
    0x080047d0   0x080047d0   0x00000068   Code   RO           23    i.MX_TIM5_Init      main.o
    0x08004838   0x08004838   0x00000002   Code   RO          356    i.MemManage_Handler  stm32f2xx_it.o
    0x0800483a   0x0800483a   0x00000002   Code   RO          357    i.NMI_Handler       stm32f2xx_it.o
    0x0800483c   0x0800483c   0x00000128   Code   RO           24    i.ParseJson         main.o
    0x08004964   0x08004964   0x00000002   Code   RO          358    i.PendSV_Handler    stm32f2xx_it.o
    0x08004966   0x08004966   0x00000002   PAD
    0x08004968   0x08004968   0x00000018   Code   RO           25    i.Received_AT_Commands_ESP  main.o
    0x08004980   0x08004980   0x000000fc   Code   RO           26    i.Received_AT_Commands_ESP_MessagerMQTT  main.o
    0x08004a7c   0x08004a7c   0x00000002   Code   RO          359    i.SVC_Handler       stm32f2xx_it.o
    0x08004a7e   0x08004a7e   0x00000002   PAD
    0x08004a80   0x08004a80   0x00000288   Code   RO           27    i.SendData          main.o
    0x08004d08   0x08004d08   0x00000040   Code   RO           28    i.SendMQTT          main.o
    0x08004d48   0x08004d48   0x00000158   Code   RO           29    i.Send_AT_Commands_ConnectMQTT  main.o
    0x08004ea0   0x08004ea0   0x00000158   Code   RO           30    i.Send_AT_Commands_SendMessager  main.o
    0x08004ff8   0x08004ff8   0x00000110   Code   RO           31    i.Send_AT_Commands_Setting  main.o
    0x08005108   0x08005108   0x000000fc   Code   RO           32    i.SettingESP        main.o
    0x08005204   0x08005204   0x00000004   Code   RO          360    i.SysTick_Handler   stm32f2xx_it.o
    0x08005208   0x08005208   0x00000068   Code   RO           33    i.SystemClock_Config  main.o
    0x08005270   0x08005270   0x00000002   Code   RO         3518    i.SystemInit        system_stm32f2xx.o
    0x08005272   0x08005272   0x00000002   PAD
    0x08005274   0x08005274   0x0000000c   Code   RO          361    i.TIM3_IRQHandler   stm32f2xx_it.o
    0x08005280   0x08005280   0x0000000c   Code   RO          362    i.TIM4_IRQHandler   stm32f2xx_it.o
    0x0800528c   0x0800528c   0x0000000c   Code   RO          363    i.TIM5_IRQHandler   stm32f2xx_it.o
    0x08005298   0x08005298   0x0000000c   Code   RO          364    i.TIM6_DAC_IRQHandler  stm32f2xx_it.o
    0x080052a4   0x080052a4   0x000000c8   Code   RO         2281    i.TIM_Base_SetConfig  stm32f2xx_hal_tim.o
    0x0800536c   0x0800536c   0x000000f4   Code   RO         2282    i.TIM_CCxChannelCmd  stm32f2xx_hal_tim.o
    0x08005460   0x08005460   0x00000014   Code   RO         2292    i.TIM_ETR_SetConfig  stm32f2xx_hal_tim.o
    0x08005474   0x08005474   0x00000010   Code   RO         2293    i.TIM_ITRx_SetConfig  stm32f2xx_hal_tim.o
    0x08005484   0x08005484   0x000000e4   Code   RO         2294    i.TIM_OC1_SetConfig  stm32f2xx_hal_tim.o
    0x08005568   0x08005568   0x000000ec   Code   RO         2295    i.TIM_OC2_SetConfig  stm32f2xx_hal_tim.o
    0x08005654   0x08005654   0x000000ec   Code   RO         2296    i.TIM_OC3_SetConfig  stm32f2xx_hal_tim.o
    0x08005740   0x08005740   0x000000a4   Code   RO         2297    i.TIM_OC4_SetConfig  stm32f2xx_hal_tim.o
    0x080057e4   0x080057e4   0x00000022   Code   RO         2299    i.TIM_TI1_ConfigInputStage  stm32f2xx_hal_tim.o
    0x08005806   0x08005806   0x00000024   Code   RO         2301    i.TIM_TI2_ConfigInputStage  stm32f2xx_hal_tim.o
    0x0800582a   0x0800582a   0x00000002   PAD
    0x0800582c   0x0800582c   0x0000000c   Code   RO          365    i.UART4_IRQHandler  stm32f2xx_it.o
    0x08005838   0x08005838   0x00000010   Code   RO         3202    i.UART_DMAAbortOnError  stm32f2xx_hal_uart.o
    0x08005848   0x08005848   0x00000030   Code   RO         3212    i.UART_EndRxTransfer  stm32f2xx_hal_uart.o
    0x08005878   0x08005878   0x000000b6   Code   RO         3214    i.UART_Receive_IT   stm32f2xx_hal_uart.o
    0x0800592e   0x0800592e   0x00000002   PAD
    0x08005930   0x08005930   0x000001bc   Code   RO         3215    i.UART_SetConfig    stm32f2xx_hal_uart.o
    0x08005aec   0x08005aec   0x00000036   Code   RO         3217    i.UART_Start_Receive_IT  stm32f2xx_hal_uart.o
    0x08005b22   0x08005b22   0x00000064   Code   RO         3218    i.UART_WaitOnFlagUntilTimeout  stm32f2xx_hal_uart.o
    0x08005b86   0x08005b86   0x00000002   PAD
    0x08005b88   0x08005b88   0x0000000c   Code   RO          366    i.USART1_IRQHandler  stm32f2xx_it.o
    0x08005b94   0x08005b94   0x0000000c   Code   RO          367    i.USART2_IRQHandler  stm32f2xx_it.o
    0x08005ba0   0x08005ba0   0x00000002   Code   RO          368    i.UsageFault_Handler  stm32f2xx_it.o
    0x08005ba2   0x08005ba2   0x00000002   PAD
    0x08005ba4   0x08005ba4   0x00000020   Code   RO         4645    i.__0printf         mc_w.l(printfa.o)
    0x08005bc4   0x08005bc4   0x00000030   Code   RO         4646    i.__0snprintf       mc_w.l(printfa.o)
    0x08005bf4   0x08005bf4   0x00000028   Code   RO         4647    i.__0sprintf        mc_w.l(printfa.o)
    0x08005c1c   0x08005c1c   0x00000020   Code   RO         1189    i.__NVIC_SetPriority  stm32f2xx_hal_cortex.o
    0x08005c3c   0x08005c3c   0x00000008   Code   RO         4748    i.__aeabi_errno_addr  mc_w.l(errno.o)
    0x08005c44   0x08005c44   0x0000005c   Code   RO         4677    i.__free$realloc    mc_w.l(mallocr.o)
    0x08005ca0   0x08005ca0   0x00000050   Code   RO         4678    i.__malloc$realloc  mc_w.l(mallocr.o)
    0x08005cf0   0x08005cf0   0x0000000e   Code   RO         4821    i.__scatterload_copy  mc_w.l(handlers.o)
    0x08005cfe   0x08005cfe   0x00000002   Code   RO         4822    i.__scatterload_null  mc_w.l(handlers.o)
    0x08005d00   0x08005d00   0x0000000e   Code   RO         4823    i.__scatterload_zeroinit  mc_w.l(handlers.o)
    0x08005d0e   0x08005d0e   0x00000002   PAD
    0x08005d10   0x08005d10   0x00000184   Code   RO         4652    i._fp_digits        mc_w.l(printfa.o)
    0x08005e94   0x08005e94   0x0000000e   Code   RO         4705    i._is_digit         mc_w.l(scanf_fp.o)
    0x08005ea2   0x08005ea2   0x00000002   PAD
    0x08005ea4   0x08005ea4   0x000006dc   Code   RO         4653    i._printf_core      mc_w.l(printfa.o)
    0x08006580   0x08006580   0x00000024   Code   RO         4654    i._printf_post_padding  mc_w.l(printfa.o)
    0x080065a4   0x080065a4   0x0000002e   Code   RO         4655    i._printf_pre_padding  mc_w.l(printfa.o)
    0x080065d2   0x080065d2   0x00000016   Code   RO         4656    i._snputc           mc_w.l(printfa.o)
    0x080065e8   0x080065e8   0x0000000a   Code   RO         4657    i._sputc            mc_w.l(printfa.o)
    0x080065f2   0x080065f2   0x00000002   PAD
    0x080065f4   0x080065f4   0x00000020   Code   RO           35    i.adc_1             main.o
    0x08006614   0x08006614   0x00000002   Code   RO           36    i.assert_failed     main.o
    0x08006616   0x08006616   0x00000030   Code   RO         3554    i.buffer_skip_whitespace  cjson.o
    0x08006646   0x08006646   0x00000002   PAD
    0x08006648   0x08006648   0x00000048   Code   RO         3586    i.cJSON_Delete      cjson.o
    0x08006690   0x08006690   0x00000006   Code   RO         3599    i.cJSON_GetObjectItem  cjson.o
    0x08006696   0x08006696   0x00000016   Code   RO         3616    i.cJSON_New_Item    cjson.o
    0x080066ac   0x080066ac   0x00000008   Code   RO         3617    i.cJSON_Parse       cjson.o
    0x080066b4   0x080066b4   0x000000dc   Code   RO         3619    i.cJSON_ParseWithLengthOpts  cjson.o
    0x08006790   0x08006790   0x00000022   Code   RO         3620    i.cJSON_ParseWithOpts  cjson.o
    0x080067b2   0x080067b2   0x00000002   PAD
    0x080067b4   0x080067b4   0x00000020   Code   RO           37    i.clearResponse     main.o
    0x080067d4   0x080067d4   0x00000020   Code   RO           38    i.clearbuffer_UART_ESP  main.o
    0x080067f4   0x080067f4   0x00000018   Code   RO           39    i.fputc             main.o
    0x0800680c   0x0800680c   0x0000007a   Code   RO         3639    i.get_object_item   cjson.o
    0x08006886   0x08006886   0x00000002   PAD
    0x08006888   0x08006888   0x00000050   Code   RO         4679    i.internal_alloc    mc_w.l(mallocr.o)
    0x080068d8   0x080068d8   0x00000170   Code   RO           40    i.main              main.o
    0x08006a48   0x08006a48   0x000000d0   Code   RO         3641    i.parse_array       cjson.o
    0x08006b18   0x08006b18   0x00000040   Code   RO         3642    i.parse_hex4        cjson.o
    0x08006b58   0x08006b58   0x000000f0   Code   RO         3643    i.parse_number      cjson.o
    0x08006c48   0x08006c48   0x0000010a   Code   RO         3644    i.parse_object      cjson.o
    0x08006d52   0x08006d52   0x0000010c   Code   RO         3645    i.parse_string      cjson.o
    0x08006e5e   0x08006e5e   0x00000002   PAD
    0x08006e60   0x08006e60   0x000000fc   Code   RO         3646    i.parse_value       cjson.o
    0x08006f5c   0x08006f5c   0x0000006c   Code   RO         4680    i.realloc           mc_w.l(mallocr.o)
    0x08006fc8   0x08006fc8   0x0000001c   Code   RO         4373    i.strtod            m_ws.l(strtod.o)
    0x08006fe4   0x08006fe4   0x000000d2   Code   RO         3655    i.utf16_literal_to_utf8  cjson.o
    0x080070b6   0x080070b6   0x00000010   Data   RO         3519    .constdata          system_stm32f2xx.o
    0x080070c6   0x080070c6   0x00000008   Data   RO         3520    .constdata          system_stm32f2xx.o
    0x080070ce   0x080070ce   0x00000081   Data   RO         4781    .constdata          mc_w.l(ctype_o.o)
    0x0800714f   0x0800714f   0x00000001   PAD
    0x08007150   0x08007150   0x00000004   Data   RO         4782    .constdata          mc_w.l(ctype_o.o)
    0x08007154   0x08007154   0x0000007e   Data   RO           44    .conststring        main.o
    0x080071d2   0x080071d2   0x00000002   PAD
    0x080071d4   0x080071d4   0x00000020   Data   RO         4819    Region$$Table       anon$$obj.o


    Execution Region RW_IRAM1 (Exec base: 0x20000000, Load base: 0x080071f4, Size: 0x00000c88, Max: 0x00018000, ABSOLUTE)

    Exec Addr    Load Addr    Size         Type   Attr      Idx    E Section Name        Object

    0x20000000   0x080071f4   0x00000064   Data   RW           45    .data               main.o
    0x20000064   0x08007258   0x0000000c   Data   RW          868    .data               stm32f2xx_hal.o
    0x20000070   0x08007264   0x00000004   Data   RW         3521    .data               system_stm32f2xx.o
    0x20000074   0x08007268   0x00000014   Data   RW         3657    .data               cjson.o
    0x20000088   0x0800727c   0x00000004   Data   RW         4384    .data               mc_w.l(rand.o)
    0x2000008c   0x08007280   0x00000004   Data   RW         4403    .data               mc_w.l(strtok.o)
    0x20000090   0x08007284   0x00000004   Data   RW         4737    .data               mc_w.l(stdout.o)
    0x20000094   0x08007288   0x00000004   Data   RW         4746    .data               mc_w.l(mvars.o)
    0x20000098   0x0800728c   0x00000004   Data   RW         4747    .data               mc_w.l(mvars.o)
    0x2000009c   0x08007290   0x00000004   Data   RW         4751    .data               mc_w.l(errno.o)
    0x200000a0        -       0x000005e8   Zero   RW           41    .bss                main.o
    0x20000688        -       0x00000200   Zero   RW            2    HEAP                startup_stm32f205xx.o
    0x20000888        -       0x00000400   Zero   RW            1    STACK               startup_stm32f205xx.o


==============================================================================

Image component sizes


      Code (inc. data)   RO Data    RW Data    ZI Data      Debug   Object Name

      2040         64          0         20          0      18060   cjson.o
      4482       1110        126        100       1512     656890   main.o
        36          8        388          0       1536        796   startup_stm32f205xx.o
       180         28          0         12          0       9033   stm32f2xx_hal.o
      1846        268          0          0          0       5298   stm32f2xx_hal_adc.o
       862         74          0          0          0       2127   stm32f2xx_hal_adc_ex.o
       460        196          0          0          0      30755   stm32f2xx_hal_cortex.o
       606        176          0          0          0       3849   stm32f2xx_hal_dac.o
         2          0          0          0          0        923   stm32f2xx_hal_dac_ex.o
       182          0          0          0          0       2031   stm32f2xx_hal_dma.o
       928        172          0          0          0       2320   stm32f2xx_hal_gpio.o
       852         88          0          0          0       5180   stm32f2xx_hal_msp.o
      1908        196          0          0          0       5280   stm32f2xx_hal_rcc.o
      5356       1094          0          0          0      18726   stm32f2xx_hal_tim.o
       352         94          0          0          0       2425   stm32f2xx_hal_tim_ex.o
      1930        166          0          0          0      10612   stm32f2xx_hal_uart.o
       116         48          0          0          0       7250   stm32f2xx_it.o
         2          0         24          4          0       1103   system_stm32f2xx.o

    ----------------------------------------------------------------------
     22182       3782        572        136       3048     782658   Object Totals
         0          0         32          0          0          0   (incl. Generated)
        42          0          2          0          0          0   (incl. Padding)

    ----------------------------------------------------------------------

      Code (inc. data)   RO Data    RW Data    ZI Data      Debug   Library Member Name

        28          0          0          0          0         80   strtod.o
        28          0          0          0          0         68   _chval.o
        64          0          0          0          0         84   _sgetc.o
       158          0          0          0          0         92   _strtoul.o
        26          0          0          0          0         80   atoi.o
         8          4        133          0          0         68   ctype_o.o
         0          0          0          0          0          0   entry.o
         0          0          0          0          0          0   entry10a.o
         0          0          0          0          0          0   entry11a.o
         8          4          0          0          0          0   entry2.o
         4          0          0          0          0          0   entry5.o
         0          0          0          0          0          0   entry7b.o
         0          0          0          0          0          0   entry8b.o
         8          4          0          0          0          0   entry9a.o
         8          4          0          4          0         68   errno.o
        30          0          0          0          0          0   handlers.o
        36          8          0          0          0         68   init.o
        18          0          0          0          0         76   isspace_o.o
         0          0          0          0          0          0   iusefp.o
        30          0          0          0          0         68   llshl.o
        36          0          0          0          0         68   llsshr.o
        32          0          0          0          0         68   llushr.o
       360         30          0          0          0        356   mallocr.o
        36          0          0          0          0         68   memcpya.o
        36          0          0          0          0        108   memseta.o
         0          0          0          8          0          0   mvars.o
      2378        100          0          0          0        756   printfa.o
        36         10          0          4          0        136   rand.o
       878         12          0          0          0        216   scanf_fp.o
         0          0          0          4          0          0   stdout.o
        24          0          0          0          0         68   strcat.o
        28          0          0          0          0         76   strcmp.o
        14          0          0          0          0         68   strlen.o
        30          0          0          0          0         80   strncmp.o
        36          0          0          0          0         80   strstr.o
       156         12          0          0          0        120   strtod.o
        68          6          0          4          0         80   strtok.o
       112          0          0          0          0         88   strtol.o
        12          0          0          0          0         68   tolower.o
        44          0          0          0          0         80   uidiv.o
        98          0          0          0          0         92   uldiv.o
        48          0          0          0          0         68   cdcmple.o
        48          0          0          0          0         68   cdrcmple.o
        56          0          0          0          0         88   d2f.o
       334          0          0          0          0        148   dadd.o
       222          0          0          0          0        100   ddiv.o
       186          0          0          0          0        176   depilogue.o
        62          0          0          0          0         80   dfixi.o
        48          0          0          0          0         68   dfixul.o
        24          0          0          0          0         76   dfltul.o
       228          0          0          0          0         96   dmul.o
        38          0          0          0          0         68   f2d.o
       110          0          0          0          0        168   fepilogue.o

    ----------------------------------------------------------------------
      6284        194        134         24          0       4632   Library Totals
        12          0          1          0          0          0   (incl. Padding)

    ----------------------------------------------------------------------

      Code (inc. data)   RO Data    RW Data    ZI Data      Debug   Library Name

        28          0          0          0          0         80   m_ws.l
      4840        194        133         24          0       3348   mc_w.l
      1404          0          0          0          0       1204   mf_w.l

    ----------------------------------------------------------------------
      6284        194        134         24          0       4632   Library Totals

    ----------------------------------------------------------------------

==============================================================================


      Code (inc. data)   RO Data    RW Data    ZI Data      Debug   

     28466       3976        706        160       3048     777822   Grand Totals
     28466       3976        706        160       3048     777822   ELF Image Totals
     28466       3976        706        160          0          0   ROM Totals

==============================================================================

    Total RO  Size (Code + RO Data)                29172 (  28.49kB)
    Total RW  Size (RW Data + ZI Data)              3208 (   3.13kB)
    Total ROM Size (Code + RO Data + RW Data)      29332 (  28.64kB)

==============================================================================

